09:43:53 **** Incremental Build of configuration Debug for project STM32H735G-DK ****
make -j16 all 
arm-none-eabi-gcc "C:/ProjectsOnC/PhasorRadio/Code/PhasorRadio1/Middlewares/Third_Party/FreeRTOS/Source/CMSIS_RTOS_V2/cmsis_os2.c" -mcpu=cortex-m7 -std=gnu11 -g -DUSE_HAL_DRIVER -DARM_MATH_CM7 -DUSE_BPP=24 -DDEBUG -DSTM32H735xx -c -I"C:/ProjectsOnC/PhasorRadio/Code/PhasorRadio1/STM32CubeIDE/Drivers/CMSIS/DSP/Include" -I../../Core/Inc -I"C:/ProjectsOnC/PhasorRadio/Code/PhasorRadio1/STM32CubeIDE/SI5351" -I../../TouchGFX/App -I../../TouchGFX/target/generated -I../../TouchGFX/target -I../../Drivers/STM32H7xx_HAL_Driver/Inc -I../../Drivers/STM32H7xx_HAL_Driver/Inc/Legacy -I../../Middlewares/Third_Party/FreeRTOS/Source/include -I../../Middlewares/Third_Party/FreeRTOS/Source/CMSIS_RTOS_V2 -I../../Middlewares/Third_Party/FreeRTOS/Source/portable/GCC/ARM_CM4F -I../../Drivers/CMSIS/Device/ST/STM32H7xx/Include -I../../Drivers/CMSIS/Include -I../../Drivers/BSP/Components/Common -I../../Drivers/BSP/STM32H735G-DK -I../../Middlewares/ST/touchgfx/framework/include -I../../TouchGFX/generated/fonts/include -I../../TouchGFX/generated/gui_generated/include -I../../TouchGFX/generated/images/include -I../../TouchGFX/generated/texts/include -I../../TouchGFX/gui/include -I../../TouchGFX/generated/videos/include -O0 -ffunction-sections -fdata-sections -Wall -fstack-usage -fcyclomatic-complexity -MMD -MP -MF"Middlewares/FreeRTOS/cmsis_os2.d" -MT"Middlewares/FreeRTOS/cmsis_os2.o" --specs=nano.specs -mfpu=fpv5-d16 -mfloat-abi=hard -mthumb -o "Middlewares/FreeRTOS/cmsis_os2.o"
arm-none-eabi-gcc "C:/ProjectsOnC/PhasorRadio/Code/PhasorRadio1/Drivers/STM32H7xx_HAL_Driver/Src/stm32h7xx_hal.c" -mcpu=cortex-m7 -std=gnu11 -g -DUSE_HAL_DRIVER -DARM_MATH_CM7 -DUSE_BPP=24 -DDEBUG -DSTM32H735xx -c -I"C:/ProjectsOnC/PhasorRadio/Code/PhasorRadio1/STM32CubeIDE/Drivers/CMSIS/DSP/Include" -I../../Core/Inc -I"C:/ProjectsOnC/PhasorRadio/Code/PhasorRadio1/STM32CubeIDE/SI5351" -I../../TouchGFX/App -I../../TouchGFX/target/generated -I../../TouchGFX/target -I../../Drivers/STM32H7xx_HAL_Driver/Inc -I../../Drivers/STM32H7xx_HAL_Driver/Inc/Legacy -I../../Middlewares/Third_Party/FreeRTOS/Source/include -I../../Middlewares/Third_Party/FreeRTOS/Source/CMSIS_RTOS_V2 -I../../Middlewares/Third_Party/FreeRTOS/Source/portable/GCC/ARM_CM4F -I../../Drivers/CMSIS/Device/ST/STM32H7xx/Include -I../../Drivers/CMSIS/Include -I../../Drivers/BSP/Components/Common -I../../Drivers/BSP/STM32H735G-DK -I../../Middlewares/ST/touchgfx/framework/include -I../../TouchGFX/generated/fonts/include -I../../TouchGFX/generated/gui_generated/include -I../../TouchGFX/generated/images/include -I../../TouchGFX/generated/texts/include -I../../TouchGFX/gui/include -I../../TouchGFX/generated/videos/include -O0 -ffunction-sections -fdata-sections -Wall -fstack-usage -fcyclomatic-complexity -MMD -MP -MF"Drivers/STM32H7xx_HAL_Driver/stm32h7xx_hal.d" -MT"Drivers/STM32H7xx_HAL_Driver/stm32h7xx_hal.o" --specs=nano.specs -mfpu=fpv5-d16 -mfloat-abi=hard -mthumb -o "Drivers/STM32H7xx_HAL_Driver/stm32h7xx_hal.o"
arm-none-eabi-gcc "C:/ProjectsOnC/PhasorRadio/Code/PhasorRadio1/Drivers/STM32H7xx_HAL_Driver/Src/stm32h7xx_hal_adc.c" -mcpu=cortex-m7 -std=gnu11 -g -DUSE_HAL_DRIVER -DARM_MATH_CM7 -DUSE_BPP=24 -DDEBUG -DSTM32H735xx -c -I"C:/ProjectsOnC/PhasorRadio/Code/PhasorRadio1/STM32CubeIDE/Drivers/CMSIS/DSP/Include" -I../../Core/Inc -I"C:/ProjectsOnC/PhasorRadio/Code/PhasorRadio1/STM32CubeIDE/SI5351" -I../../TouchGFX/App -I../../TouchGFX/target/generated -I../../TouchGFX/target -I../../Drivers/STM32H7xx_HAL_Driver/Inc -I../../Drivers/STM32H7xx_HAL_Driver/Inc/Legacy -I../../Middlewares/Third_Party/FreeRTOS/Source/include -I../../Middlewares/Third_Party/FreeRTOS/Source/CMSIS_RTOS_V2 -I../../Middlewares/Third_Party/FreeRTOS/Source/portable/GCC/ARM_CM4F -I../../Drivers/CMSIS/Device/ST/STM32H7xx/Include -I../../Drivers/CMSIS/Include -I../../Drivers/BSP/Components/Common -I../../Drivers/BSP/STM32H735G-DK -I../../Middlewares/ST/touchgfx/framework/include -I../../TouchGFX/generated/fonts/include -I../../TouchGFX/generated/gui_generated/include -I../../TouchGFX/generated/images/include -I../../TouchGFX/generated/texts/include -I../../TouchGFX/gui/include -I../../TouchGFX/generated/videos/include -O0 -ffunction-sections -fdata-sections -Wall -fstack-usage -fcyclomatic-complexity -MMD -MP -MF"Drivers/STM32H7xx_HAL_Driver/stm32h7xx_hal_adc.d" -MT"Drivers/STM32H7xx_HAL_Driver/stm32h7xx_hal_adc.o" --specs=nano.specs -mfpu=fpv5-d16 -mfloat-abi=hard -mthumb -o "Drivers/STM32H7xx_HAL_Driver/stm32h7xx_hal_adc.o"
arm-none-eabi-gcc "C:/ProjectsOnC/PhasorRadio/Code/PhasorRadio1/Drivers/STM32H7xx_HAL_Driver/Src/stm32h7xx_hal_adc_ex.c" -mcpu=cortex-m7 -std=gnu11 -g -DUSE_HAL_DRIVER -DARM_MATH_CM7 -DUSE_BPP=24 -DDEBUG -DSTM32H735xx -c -I"C:/ProjectsOnC/PhasorRadio/Code/PhasorRadio1/STM32CubeIDE/Drivers/CMSIS/DSP/Include" -I../../Core/Inc -I"C:/ProjectsOnC/PhasorRadio/Code/PhasorRadio1/STM32CubeIDE/SI5351" -I../../TouchGFX/App -I../../TouchGFX/target/generated -I../../TouchGFX/target -I../../Drivers/STM32H7xx_HAL_Driver/Inc -I../../Drivers/STM32H7xx_HAL_Driver/Inc/Legacy -I../../Middlewares/Third_Party/FreeRTOS/Source/include -I../../Middlewares/Third_Party/FreeRTOS/Source/CMSIS_RTOS_V2 -I../../Middlewares/Third_Party/FreeRTOS/Source/portable/GCC/ARM_CM4F -I../../Drivers/CMSIS/Device/ST/STM32H7xx/Include -I../../Drivers/CMSIS/Include -I../../Drivers/BSP/Components/Common -I../../Drivers/BSP/STM32H735G-DK -I../../Middlewares/ST/touchgfx/framework/include -I../../TouchGFX/generated/fonts/include -I../../TouchGFX/generated/gui_generated/include -I../../TouchGFX/generated/images/include -I../../TouchGFX/generated/texts/include -I../../TouchGFX/gui/include -I../../TouchGFX/generated/videos/include -O0 -ffunction-sections -fdata-sections -Wall -fstack-usage -fcyclomatic-complexity -MMD -MP -MF"Drivers/STM32H7xx_HAL_Driver/stm32h7xx_hal_adc_ex.d" -MT"Drivers/STM32H7xx_HAL_Driver/stm32h7xx_hal_adc_ex.o" --specs=nano.specs -mfpu=fpv5-d16 -mfloat-abi=hard -mthumb -o "Drivers/STM32H7xx_HAL_Driver/stm32h7xx_hal_adc_ex.o"
arm-none-eabi-gcc "C:/ProjectsOnC/PhasorRadio/Code/PhasorRadio1/Drivers/STM32H7xx_HAL_Driver/Src/stm32h7xx_hal_cortex.c" -mcpu=cortex-m7 -std=gnu11 -g -DUSE_HAL_DRIVER -DARM_MATH_CM7 -DUSE_BPP=24 -DDEBUG -DSTM32H735xx -c -I"C:/ProjectsOnC/PhasorRadio/Code/PhasorRadio1/STM32CubeIDE/Drivers/CMSIS/DSP/Include" -I../../Core/Inc -I"C:/ProjectsOnC/PhasorRadio/Code/PhasorRadio1/STM32CubeIDE/SI5351" -I../../TouchGFX/App -I../../TouchGFX/target/generated -I../../TouchGFX/target -I../../Drivers/STM32H7xx_HAL_Driver/Inc -I../../Drivers/STM32H7xx_HAL_Driver/Inc/Legacy -I../../Middlewares/Third_Party/FreeRTOS/Source/include -I../../Middlewares/Third_Party/FreeRTOS/Source/CMSIS_RTOS_V2 -I../../Middlewares/Third_Party/FreeRTOS/Source/portable/GCC/ARM_CM4F -I../../Drivers/CMSIS/Device/ST/STM32H7xx/Include -I../../Drivers/CMSIS/Include -I../../Drivers/BSP/Components/Common -I../../Drivers/BSP/STM32H735G-DK -I../../Middlewares/ST/touchgfx/framework/include -I../../TouchGFX/generated/fonts/include -I../../TouchGFX/generated/gui_generated/include -I../../TouchGFX/generated/images/include -I../../TouchGFX/generated/texts/include -I../../TouchGFX/gui/include -I../../TouchGFX/generated/videos/include -O0 -ffunction-sections -fdata-sections -Wall -fstack-usage -fcyclomatic-complexity -MMD -MP -MF"Drivers/STM32H7xx_HAL_Driver/stm32h7xx_hal_cortex.d" -MT"Drivers/STM32H7xx_HAL_Driver/stm32h7xx_hal_cortex.o" --specs=nano.specs -mfpu=fpv5-d16 -mfloat-abi=hard -mthumb -o "Drivers/STM32H7xx_HAL_Driver/stm32h7xx_hal_cortex.o"
arm-none-eabi-gcc "C:/ProjectsOnC/PhasorRadio/Code/PhasorRadio1/Drivers/STM32H7xx_HAL_Driver/Src/stm32h7xx_hal_crc.c" -mcpu=cortex-m7 -std=gnu11 -g -DUSE_HAL_DRIVER -DARM_MATH_CM7 -DUSE_BPP=24 -DDEBUG -DSTM32H735xx -c -I"C:/ProjectsOnC/PhasorRadio/Code/PhasorRadio1/STM32CubeIDE/Drivers/CMSIS/DSP/Include" -I../../Core/Inc -I"C:/ProjectsOnC/PhasorRadio/Code/PhasorRadio1/STM32CubeIDE/SI5351" -I../../TouchGFX/App -I../../TouchGFX/target/generated -I../../TouchGFX/target -I../../Drivers/STM32H7xx_HAL_Driver/Inc -I../../Drivers/STM32H7xx_HAL_Driver/Inc/Legacy -I../../Middlewares/Third_Party/FreeRTOS/Source/include -I../../Middlewares/Third_Party/FreeRTOS/Source/CMSIS_RTOS_V2 -I../../Middlewares/Third_Party/FreeRTOS/Source/portable/GCC/ARM_CM4F -I../../Drivers/CMSIS/Device/ST/STM32H7xx/Include -I../../Drivers/CMSIS/Include -I../../Drivers/BSP/Components/Common -I../../Drivers/BSP/STM32H735G-DK -I../../Middlewares/ST/touchgfx/framework/include -I../../TouchGFX/generated/fonts/include -I../../TouchGFX/generated/gui_generated/include -I../../TouchGFX/generated/images/include -I../../TouchGFX/generated/texts/include -I../../TouchGFX/gui/include -I../../TouchGFX/generated/videos/include -O0 -ffunction-sections -fdata-sections -Wall -fstack-usage -fcyclomatic-complexity -MMD -MP -MF"Drivers/STM32H7xx_HAL_Driver/stm32h7xx_hal_crc.d" -MT"Drivers/STM32H7xx_HAL_Driver/stm32h7xx_hal_crc.o" --specs=nano.specs -mfpu=fpv5-d16 -mfloat-abi=hard -mthumb -o "Drivers/STM32H7xx_HAL_Driver/stm32h7xx_hal_crc.o"
arm-none-eabi-gcc "C:/ProjectsOnC/PhasorRadio/Code/PhasorRadio1/Drivers/STM32H7xx_HAL_Driver/Src/stm32h7xx_hal_crc_ex.c" -mcpu=cortex-m7 -std=gnu11 -g -DUSE_HAL_DRIVER -DARM_MATH_CM7 -DUSE_BPP=24 -DDEBUG -DSTM32H735xx -c -I"C:/ProjectsOnC/PhasorRadio/Code/PhasorRadio1/STM32CubeIDE/Drivers/CMSIS/DSP/Include" -I../../Core/Inc -I"C:/ProjectsOnC/PhasorRadio/Code/PhasorRadio1/STM32CubeIDE/SI5351" -I../../TouchGFX/App -I../../TouchGFX/target/generated -I../../TouchGFX/target -I../../Drivers/STM32H7xx_HAL_Driver/Inc -I../../Drivers/STM32H7xx_HAL_Driver/Inc/Legacy -I../../Middlewares/Third_Party/FreeRTOS/Source/include -I../../Middlewares/Third_Party/FreeRTOS/Source/CMSIS_RTOS_V2 -I../../Middlewares/Third_Party/FreeRTOS/Source/portable/GCC/ARM_CM4F -I../../Drivers/CMSIS/Device/ST/STM32H7xx/Include -I../../Drivers/CMSIS/Include -I../../Drivers/BSP/Components/Common -I../../Drivers/BSP/STM32H735G-DK -I../../Middlewares/ST/touchgfx/framework/include -I../../TouchGFX/generated/fonts/include -I../../TouchGFX/generated/gui_generated/include -I../../TouchGFX/generated/images/include -I../../TouchGFX/generated/texts/include -I../../TouchGFX/gui/include -I../../TouchGFX/generated/videos/include -O0 -ffunction-sections -fdata-sections -Wall -fstack-usage -fcyclomatic-complexity -MMD -MP -MF"Drivers/STM32H7xx_HAL_Driver/stm32h7xx_hal_crc_ex.d" -MT"Drivers/STM32H7xx_HAL_Driver/stm32h7xx_hal_crc_ex.o" --specs=nano.specs -mfpu=fpv5-d16 -mfloat-abi=hard -mthumb -o "Drivers/STM32H7xx_HAL_Driver/stm32h7xx_hal_crc_ex.o"
arm-none-eabi-gcc "C:/ProjectsOnC/PhasorRadio/Code/PhasorRadio1/Drivers/STM32H7xx_HAL_Driver/Src/stm32h7xx_hal_dac.c" -mcpu=cortex-m7 -std=gnu11 -g -DUSE_HAL_DRIVER -DARM_MATH_CM7 -DUSE_BPP=24 -DDEBUG -DSTM32H735xx -c -I"C:/ProjectsOnC/PhasorRadio/Code/PhasorRadio1/STM32CubeIDE/Drivers/CMSIS/DSP/Include" -I../../Core/Inc -I"C:/ProjectsOnC/PhasorRadio/Code/PhasorRadio1/STM32CubeIDE/SI5351" -I../../TouchGFX/App -I../../TouchGFX/target/generated -I../../TouchGFX/target -I../../Drivers/STM32H7xx_HAL_Driver/Inc -I../../Drivers/STM32H7xx_HAL_Driver/Inc/Legacy -I../../Middlewares/Third_Party/FreeRTOS/Source/include -I../../Middlewares/Third_Party/FreeRTOS/Source/CMSIS_RTOS_V2 -I../../Middlewares/Third_Party/FreeRTOS/Source/portable/GCC/ARM_CM4F -I../../Drivers/CMSIS/Device/ST/STM32H7xx/Include -I../../Drivers/CMSIS/Include -I../../Drivers/BSP/Components/Common -I../../Drivers/BSP/STM32H735G-DK -I../../Middlewares/ST/touchgfx/framework/include -I../../TouchGFX/generated/fonts/include -I../../TouchGFX/generated/gui_generated/include -I../../TouchGFX/generated/images/include -I../../TouchGFX/generated/texts/include -I../../TouchGFX/gui/include -I../../TouchGFX/generated/videos/include -O0 -ffunction-sections -fdata-sections -Wall -fstack-usage -fcyclomatic-complexity -MMD -MP -MF"Drivers/STM32H7xx_HAL_Driver/stm32h7xx_hal_dac.d" -MT"Drivers/STM32H7xx_HAL_Driver/stm32h7xx_hal_dac.o" --specs=nano.specs -mfpu=fpv5-d16 -mfloat-abi=hard -mthumb -o "Drivers/STM32H7xx_HAL_Driver/stm32h7xx_hal_dac.o"
arm-none-eabi-gcc "C:/ProjectsOnC/PhasorRadio/Code/PhasorRadio1/Drivers/STM32H7xx_HAL_Driver/Src/stm32h7xx_hal_dac_ex.c" -mcpu=cortex-m7 -std=gnu11 -g -DUSE_HAL_DRIVER -DARM_MATH_CM7 -DUSE_BPP=24 -DDEBUG -DSTM32H735xx -c -I"C:/ProjectsOnC/PhasorRadio/Code/PhasorRadio1/STM32CubeIDE/Drivers/CMSIS/DSP/Include" -I../../Core/Inc -I"C:/ProjectsOnC/PhasorRadio/Code/PhasorRadio1/STM32CubeIDE/SI5351" -I../../TouchGFX/App -I../../TouchGFX/target/generated -I../../TouchGFX/target -I../../Drivers/STM32H7xx_HAL_Driver/Inc -I../../Drivers/STM32H7xx_HAL_Driver/Inc/Legacy -I../../Middlewares/Third_Party/FreeRTOS/Source/include -I../../Middlewares/Third_Party/FreeRTOS/Source/CMSIS_RTOS_V2 -I../../Middlewares/Third_Party/FreeRTOS/Source/portable/GCC/ARM_CM4F -I../../Drivers/CMSIS/Device/ST/STM32H7xx/Include -I../../Drivers/CMSIS/Include -I../../Drivers/BSP/Components/Common -I../../Drivers/BSP/STM32H735G-DK -I../../Middlewares/ST/touchgfx/framework/include -I../../TouchGFX/generated/fonts/include -I../../TouchGFX/generated/gui_generated/include -I../../TouchGFX/generated/images/include -I../../TouchGFX/generated/texts/include -I../../TouchGFX/gui/include -I../../TouchGFX/generated/videos/include -O0 -ffunction-sections -fdata-sections -Wall -fstack-usage -fcyclomatic-complexity -MMD -MP -MF"Drivers/STM32H7xx_HAL_Driver/stm32h7xx_hal_dac_ex.d" -MT"Drivers/STM32H7xx_HAL_Driver/stm32h7xx_hal_dac_ex.o" --specs=nano.specs -mfpu=fpv5-d16 -mfloat-abi=hard -mthumb -o "Drivers/STM32H7xx_HAL_Driver/stm32h7xx_hal_dac_ex.o"
arm-none-eabi-gcc "C:/ProjectsOnC/PhasorRadio/Code/PhasorRadio1/Drivers/STM32H7xx_HAL_Driver/Src/stm32h7xx_hal_dma.c" -mcpu=cortex-m7 -std=gnu11 -g -DUSE_HAL_DRIVER -DARM_MATH_CM7 -DUSE_BPP=24 -DDEBUG -DSTM32H735xx -c -I"C:/ProjectsOnC/PhasorRadio/Code/PhasorRadio1/STM32CubeIDE/Drivers/CMSIS/DSP/Include" -I../../Core/Inc -I"C:/ProjectsOnC/PhasorRadio/Code/PhasorRadio1/STM32CubeIDE/SI5351" -I../../TouchGFX/App -I../../TouchGFX/target/generated -I../../TouchGFX/target -I../../Drivers/STM32H7xx_HAL_Driver/Inc -I../../Drivers/STM32H7xx_HAL_Driver/Inc/Legacy -I../../Middlewares/Third_Party/FreeRTOS/Source/include -I../../Middlewares/Third_Party/FreeRTOS/Source/CMSIS_RTOS_V2 -I../../Middlewares/Third_Party/FreeRTOS/Source/portable/GCC/ARM_CM4F -I../../Drivers/CMSIS/Device/ST/STM32H7xx/Include -I../../Drivers/CMSIS/Include -I../../Drivers/BSP/Components/Common -I../../Drivers/BSP/STM32H735G-DK -I../../Middlewares/ST/touchgfx/framework/include -I../../TouchGFX/generated/fonts/include -I../../TouchGFX/generated/gui_generated/include -I../../TouchGFX/generated/images/include -I../../TouchGFX/generated/texts/include -I../../TouchGFX/gui/include -I../../TouchGFX/generated/videos/include -O0 -ffunction-sections -fdata-sections -Wall -fstack-usage -fcyclomatic-complexity -MMD -MP -MF"Drivers/STM32H7xx_HAL_Driver/stm32h7xx_hal_dma.d" -MT"Drivers/STM32H7xx_HAL_Driver/stm32h7xx_hal_dma.o" --specs=nano.specs -mfpu=fpv5-d16 -mfloat-abi=hard -mthumb -o "Drivers/STM32H7xx_HAL_Driver/stm32h7xx_hal_dma.o"
arm-none-eabi-gcc "C:/ProjectsOnC/PhasorRadio/Code/PhasorRadio1/Drivers/STM32H7xx_HAL_Driver/Src/stm32h7xx_hal_dma2d.c" -mcpu=cortex-m7 -std=gnu11 -g -DUSE_HAL_DRIVER -DARM_MATH_CM7 -DUSE_BPP=24 -DDEBUG -DSTM32H735xx -c -I"C:/ProjectsOnC/PhasorRadio/Code/PhasorRadio1/STM32CubeIDE/Drivers/CMSIS/DSP/Include" -I../../Core/Inc -I"C:/ProjectsOnC/PhasorRadio/Code/PhasorRadio1/STM32CubeIDE/SI5351" -I../../TouchGFX/App -I../../TouchGFX/target/generated -I../../TouchGFX/target -I../../Drivers/STM32H7xx_HAL_Driver/Inc -I../../Drivers/STM32H7xx_HAL_Driver/Inc/Legacy -I../../Middlewares/Third_Party/FreeRTOS/Source/include -I../../Middlewares/Third_Party/FreeRTOS/Source/CMSIS_RTOS_V2 -I../../Middlewares/Third_Party/FreeRTOS/Source/portable/GCC/ARM_CM4F -I../../Drivers/CMSIS/Device/ST/STM32H7xx/Include -I../../Drivers/CMSIS/Include -I../../Drivers/BSP/Components/Common -I../../Drivers/BSP/STM32H735G-DK -I../../Middlewares/ST/touchgfx/framework/include -I../../TouchGFX/generated/fonts/include -I../../TouchGFX/generated/gui_generated/include -I../../TouchGFX/generated/images/include -I../../TouchGFX/generated/texts/include -I../../TouchGFX/gui/include -I../../TouchGFX/generated/videos/include -O0 -ffunction-sections -fdata-sections -Wall -fstack-usage -fcyclomatic-complexity -MMD -MP -MF"Drivers/STM32H7xx_HAL_Driver/stm32h7xx_hal_dma2d.d" -MT"Drivers/STM32H7xx_HAL_Driver/stm32h7xx_hal_dma2d.o" --specs=nano.specs -mfpu=fpv5-d16 -mfloat-abi=hard -mthumb -o "Drivers/STM32H7xx_HAL_Driver/stm32h7xx_hal_dma2d.o"
arm-none-eabi-gcc "C:/ProjectsOnC/PhasorRadio/Code/PhasorRadio1/Drivers/STM32H7xx_HAL_Driver/Src/stm32h7xx_hal_dma_ex.c" -mcpu=cortex-m7 -std=gnu11 -g -DUSE_HAL_DRIVER -DARM_MATH_CM7 -DUSE_BPP=24 -DDEBUG -DSTM32H735xx -c -I"C:/ProjectsOnC/PhasorRadio/Code/PhasorRadio1/STM32CubeIDE/Drivers/CMSIS/DSP/Include" -I../../Core/Inc -I"C:/ProjectsOnC/PhasorRadio/Code/PhasorRadio1/STM32CubeIDE/SI5351" -I../../TouchGFX/App -I../../TouchGFX/target/generated -I../../TouchGFX/target -I../../Drivers/STM32H7xx_HAL_Driver/Inc -I../../Drivers/STM32H7xx_HAL_Driver/Inc/Legacy -I../../Middlewares/Third_Party/FreeRTOS/Source/include -I../../Middlewares/Third_Party/FreeRTOS/Source/CMSIS_RTOS_V2 -I../../Middlewares/Third_Party/FreeRTOS/Source/portable/GCC/ARM_CM4F -I../../Drivers/CMSIS/Device/ST/STM32H7xx/Include -I../../Drivers/CMSIS/Include -I../../Drivers/BSP/Components/Common -I../../Drivers/BSP/STM32H735G-DK -I../../Middlewares/ST/touchgfx/framework/include -I../../TouchGFX/generated/fonts/include -I../../TouchGFX/generated/gui_generated/include -I../../TouchGFX/generated/images/include -I../../TouchGFX/generated/texts/include -I../../TouchGFX/gui/include -I../../TouchGFX/generated/videos/include -O0 -ffunction-sections -fdata-sections -Wall -fstack-usage -fcyclomatic-complexity -MMD -MP -MF"Drivers/STM32H7xx_HAL_Driver/stm32h7xx_hal_dma_ex.d" -MT"Drivers/STM32H7xx_HAL_Driver/stm32h7xx_hal_dma_ex.o" --specs=nano.specs -mfpu=fpv5-d16 -mfloat-abi=hard -mthumb -o "Drivers/STM32H7xx_HAL_Driver/stm32h7xx_hal_dma_ex.o"
arm-none-eabi-gcc "C:/ProjectsOnC/PhasorRadio/Code/PhasorRadio1/Drivers/STM32H7xx_HAL_Driver/Src/stm32h7xx_hal_dsi.c" -mcpu=cortex-m7 -std=gnu11 -g -DUSE_HAL_DRIVER -DARM_MATH_CM7 -DUSE_BPP=24 -DDEBUG -DSTM32H735xx -c -I"C:/ProjectsOnC/PhasorRadio/Code/PhasorRadio1/STM32CubeIDE/Drivers/CMSIS/DSP/Include" -I../../Core/Inc -I"C:/ProjectsOnC/PhasorRadio/Code/PhasorRadio1/STM32CubeIDE/SI5351" -I../../TouchGFX/App -I../../TouchGFX/target/generated -I../../TouchGFX/target -I../../Drivers/STM32H7xx_HAL_Driver/Inc -I../../Drivers/STM32H7xx_HAL_Driver/Inc/Legacy -I../../Middlewares/Third_Party/FreeRTOS/Source/include -I../../Middlewares/Third_Party/FreeRTOS/Source/CMSIS_RTOS_V2 -I../../Middlewares/Third_Party/FreeRTOS/Source/portable/GCC/ARM_CM4F -I../../Drivers/CMSIS/Device/ST/STM32H7xx/Include -I../../Drivers/CMSIS/Include -I../../Drivers/BSP/Components/Common -I../../Drivers/BSP/STM32H735G-DK -I../../Middlewares/ST/touchgfx/framework/include -I../../TouchGFX/generated/fonts/include -I../../TouchGFX/generated/gui_generated/include -I../../TouchGFX/generated/images/include -I../../TouchGFX/generated/texts/include -I../../TouchGFX/gui/include -I../../TouchGFX/generated/videos/include -O0 -ffunction-sections -fdata-sections -Wall -fstack-usage -fcyclomatic-complexity -MMD -MP -MF"Drivers/STM32H7xx_HAL_Driver/stm32h7xx_hal_dsi.d" -MT"Drivers/STM32H7xx_HAL_Driver/stm32h7xx_hal_dsi.o" --specs=nano.specs -mfpu=fpv5-d16 -mfloat-abi=hard -mthumb -o "Drivers/STM32H7xx_HAL_Driver/stm32h7xx_hal_dsi.o"
arm-none-eabi-gcc "C:/ProjectsOnC/PhasorRadio/Code/PhasorRadio1/Drivers/STM32H7xx_HAL_Driver/Src/stm32h7xx_hal_exti.c" -mcpu=cortex-m7 -std=gnu11 -g -DUSE_HAL_DRIVER -DARM_MATH_CM7 -DUSE_BPP=24 -DDEBUG -DSTM32H735xx -c -I"C:/ProjectsOnC/PhasorRadio/Code/PhasorRadio1/STM32CubeIDE/Drivers/CMSIS/DSP/Include" -I../../Core/Inc -I"C:/ProjectsOnC/PhasorRadio/Code/PhasorRadio1/STM32CubeIDE/SI5351" -I../../TouchGFX/App -I../../TouchGFX/target/generated -I../../TouchGFX/target -I../../Drivers/STM32H7xx_HAL_Driver/Inc -I../../Drivers/STM32H7xx_HAL_Driver/Inc/Legacy -I../../Middlewares/Third_Party/FreeRTOS/Source/include -I../../Middlewares/Third_Party/FreeRTOS/Source/CMSIS_RTOS_V2 -I../../Middlewares/Third_Party/FreeRTOS/Source/portable/GCC/ARM_CM4F -I../../Drivers/CMSIS/Device/ST/STM32H7xx/Include -I../../Drivers/CMSIS/Include -I../../Drivers/BSP/Components/Common -I../../Drivers/BSP/STM32H735G-DK -I../../Middlewares/ST/touchgfx/framework/include -I../../TouchGFX/generated/fonts/include -I../../TouchGFX/generated/gui_generated/include -I../../TouchGFX/generated/images/include -I../../TouchGFX/generated/texts/include -I../../TouchGFX/gui/include -I../../TouchGFX/generated/videos/include -O0 -ffunction-sections -fdata-sections -Wall -fstack-usage -fcyclomatic-complexity -MMD -MP -MF"Drivers/STM32H7xx_HAL_Driver/stm32h7xx_hal_exti.d" -MT"Drivers/STM32H7xx_HAL_Driver/stm32h7xx_hal_exti.o" --specs=nano.specs -mfpu=fpv5-d16 -mfloat-abi=hard -mthumb -o "Drivers/STM32H7xx_HAL_Driver/stm32h7xx_hal_exti.o"
arm-none-eabi-gcc "C:/ProjectsOnC/PhasorRadio/Code/PhasorRadio1/Drivers/STM32H7xx_HAL_Driver/Src/stm32h7xx_hal_flash.c" -mcpu=cortex-m7 -std=gnu11 -g -DUSE_HAL_DRIVER -DARM_MATH_CM7 -DUSE_BPP=24 -DDEBUG -DSTM32H735xx -c -I"C:/ProjectsOnC/PhasorRadio/Code/PhasorRadio1/STM32CubeIDE/Drivers/CMSIS/DSP/Include" -I../../Core/Inc -I"C:/ProjectsOnC/PhasorRadio/Code/PhasorRadio1/STM32CubeIDE/SI5351" -I../../TouchGFX/App -I../../TouchGFX/target/generated -I../../TouchGFX/target -I../../Drivers/STM32H7xx_HAL_Driver/Inc -I../../Drivers/STM32H7xx_HAL_Driver/Inc/Legacy -I../../Middlewares/Third_Party/FreeRTOS/Source/include -I../../Middlewares/Third_Party/FreeRTOS/Source/CMSIS_RTOS_V2 -I../../Middlewares/Third_Party/FreeRTOS/Source/portable/GCC/ARM_CM4F -I../../Drivers/CMSIS/Device/ST/STM32H7xx/Include -I../../Drivers/CMSIS/Include -I../../Drivers/BSP/Components/Common -I../../Drivers/BSP/STM32H735G-DK -I../../Middlewares/ST/touchgfx/framework/include -I../../TouchGFX/generated/fonts/include -I../../TouchGFX/generated/gui_generated/include -I../../TouchGFX/generated/images/include -I../../TouchGFX/generated/texts/include -I../../TouchGFX/gui/include -I../../TouchGFX/generated/videos/include -O0 -ffunction-sections -fdata-sections -Wall -fstack-usage -fcyclomatic-complexity -MMD -MP -MF"Drivers/STM32H7xx_HAL_Driver/stm32h7xx_hal_flash.d" -MT"Drivers/STM32H7xx_HAL_Driver/stm32h7xx_hal_flash.o" --specs=nano.specs -mfpu=fpv5-d16 -mfloat-abi=hard -mthumb -o "Drivers/STM32H7xx_HAL_Driver/stm32h7xx_hal_flash.o"
arm-none-eabi-gcc "C:/ProjectsOnC/PhasorRadio/Code/PhasorRadio1/Drivers/STM32H7xx_HAL_Driver/Src/stm32h7xx_hal_flash_ex.c" -mcpu=cortex-m7 -std=gnu11 -g -DUSE_HAL_DRIVER -DARM_MATH_CM7 -DUSE_BPP=24 -DDEBUG -DSTM32H735xx -c -I"C:/ProjectsOnC/PhasorRadio/Code/PhasorRadio1/STM32CubeIDE/Drivers/CMSIS/DSP/Include" -I../../Core/Inc -I"C:/ProjectsOnC/PhasorRadio/Code/PhasorRadio1/STM32CubeIDE/SI5351" -I../../TouchGFX/App -I../../TouchGFX/target/generated -I../../TouchGFX/target -I../../Drivers/STM32H7xx_HAL_Driver/Inc -I../../Drivers/STM32H7xx_HAL_Driver/Inc/Legacy -I../../Middlewares/Third_Party/FreeRTOS/Source/include -I../../Middlewares/Third_Party/FreeRTOS/Source/CMSIS_RTOS_V2 -I../../Middlewares/Third_Party/FreeRTOS/Source/portable/GCC/ARM_CM4F -I../../Drivers/CMSIS/Device/ST/STM32H7xx/Include -I../../Drivers/CMSIS/Include -I../../Drivers/BSP/Components/Common -I../../Drivers/BSP/STM32H735G-DK -I../../Middlewares/ST/touchgfx/framework/include -I../../TouchGFX/generated/fonts/include -I../../TouchGFX/generated/gui_generated/include -I../../TouchGFX/generated/images/include -I../../TouchGFX/generated/texts/include -I../../TouchGFX/gui/include -I../../TouchGFX/generated/videos/include -O0 -ffunction-sections -fdata-sections -Wall -fstack-usage -fcyclomatic-complexity -MMD -MP -MF"Drivers/STM32H7xx_HAL_Driver/stm32h7xx_hal_flash_ex.d" -MT"Drivers/STM32H7xx_HAL_Driver/stm32h7xx_hal_flash_ex.o" --specs=nano.specs -mfpu=fpv5-d16 -mfloat-abi=hard -mthumb -o "Drivers/STM32H7xx_HAL_Driver/stm32h7xx_hal_flash_ex.o"
arm-none-eabi-gcc "C:/ProjectsOnC/PhasorRadio/Code/PhasorRadio1/Drivers/STM32H7xx_HAL_Driver/Src/stm32h7xx_hal_gpio.c" -mcpu=cortex-m7 -std=gnu11 -g -DUSE_HAL_DRIVER -DARM_MATH_CM7 -DUSE_BPP=24 -DDEBUG -DSTM32H735xx -c -I"C:/ProjectsOnC/PhasorRadio/Code/PhasorRadio1/STM32CubeIDE/Drivers/CMSIS/DSP/Include" -I../../Core/Inc -I"C:/ProjectsOnC/PhasorRadio/Code/PhasorRadio1/STM32CubeIDE/SI5351" -I../../TouchGFX/App -I../../TouchGFX/target/generated -I../../TouchGFX/target -I../../Drivers/STM32H7xx_HAL_Driver/Inc -I../../Drivers/STM32H7xx_HAL_Driver/Inc/Legacy -I../../Middlewares/Third_Party/FreeRTOS/Source/include -I../../Middlewares/Third_Party/FreeRTOS/Source/CMSIS_RTOS_V2 -I../../Middlewares/Third_Party/FreeRTOS/Source/portable/GCC/ARM_CM4F -I../../Drivers/CMSIS/Device/ST/STM32H7xx/Include -I../../Drivers/CMSIS/Include -I../../Drivers/BSP/Components/Common -I../../Drivers/BSP/STM32H735G-DK -I../../Middlewares/ST/touchgfx/framework/include -I../../TouchGFX/generated/fonts/include -I../../TouchGFX/generated/gui_generated/include -I../../TouchGFX/generated/images/include -I../../TouchGFX/generated/texts/include -I../../TouchGFX/gui/include -I../../TouchGFX/generated/videos/include -O0 -ffunction-sections -fdata-sections -Wall -fstack-usage -fcyclomatic-complexity -MMD -MP -MF"Drivers/STM32H7xx_HAL_Driver/stm32h7xx_hal_gpio.d" -MT"Drivers/STM32H7xx_HAL_Driver/stm32h7xx_hal_gpio.o" --specs=nano.specs -mfpu=fpv5-d16 -mfloat-abi=hard -mthumb -o "Drivers/STM32H7xx_HAL_Driver/stm32h7xx_hal_gpio.o"
arm-none-eabi-gcc "C:/ProjectsOnC/PhasorRadio/Code/PhasorRadio1/Drivers/STM32H7xx_HAL_Driver/Src/stm32h7xx_hal_hsem.c" -mcpu=cortex-m7 -std=gnu11 -g -DUSE_HAL_DRIVER -DARM_MATH_CM7 -DUSE_BPP=24 -DDEBUG -DSTM32H735xx -c -I"C:/ProjectsOnC/PhasorRadio/Code/PhasorRadio1/STM32CubeIDE/Drivers/CMSIS/DSP/Include" -I../../Core/Inc -I"C:/ProjectsOnC/PhasorRadio/Code/PhasorRadio1/STM32CubeIDE/SI5351" -I../../TouchGFX/App -I../../TouchGFX/target/generated -I../../TouchGFX/target -I../../Drivers/STM32H7xx_HAL_Driver/Inc -I../../Drivers/STM32H7xx_HAL_Driver/Inc/Legacy -I../../Middlewares/Third_Party/FreeRTOS/Source/include -I../../Middlewares/Third_Party/FreeRTOS/Source/CMSIS_RTOS_V2 -I../../Middlewares/Third_Party/FreeRTOS/Source/portable/GCC/ARM_CM4F -I../../Drivers/CMSIS/Device/ST/STM32H7xx/Include -I../../Drivers/CMSIS/Include -I../../Drivers/BSP/Components/Common -I../../Drivers/BSP/STM32H735G-DK -I../../Middlewares/ST/touchgfx/framework/include -I../../TouchGFX/generated/fonts/include -I../../TouchGFX/generated/gui_generated/include -I../../TouchGFX/generated/images/include -I../../TouchGFX/generated/texts/include -I../../TouchGFX/gui/include -I../../TouchGFX/generated/videos/include -O0 -ffunction-sections -fdata-sections -Wall -fstack-usage -fcyclomatic-complexity -MMD -MP -MF"Drivers/STM32H7xx_HAL_Driver/stm32h7xx_hal_hsem.d" -MT"Drivers/STM32H7xx_HAL_Driver/stm32h7xx_hal_hsem.o" --specs=nano.specs -mfpu=fpv5-d16 -mfloat-abi=hard -mthumb -o "Drivers/STM32H7xx_HAL_Driver/stm32h7xx_hal_hsem.o"
arm-none-eabi-gcc "C:/ProjectsOnC/PhasorRadio/Code/PhasorRadio1/Drivers/STM32H7xx_HAL_Driver/Src/stm32h7xx_hal_i2c.c" -mcpu=cortex-m7 -std=gnu11 -g -DUSE_HAL_DRIVER -DARM_MATH_CM7 -DUSE_BPP=24 -DDEBUG -DSTM32H735xx -c -I"C:/ProjectsOnC/PhasorRadio/Code/PhasorRadio1/STM32CubeIDE/Drivers/CMSIS/DSP/Include" -I../../Core/Inc -I"C:/ProjectsOnC/PhasorRadio/Code/PhasorRadio1/STM32CubeIDE/SI5351" -I../../TouchGFX/App -I../../TouchGFX/target/generated -I../../TouchGFX/target -I../../Drivers/STM32H7xx_HAL_Driver/Inc -I../../Drivers/STM32H7xx_HAL_Driver/Inc/Legacy -I../../Middlewares/Third_Party/FreeRTOS/Source/include -I../../Middlewares/Third_Party/FreeRTOS/Source/CMSIS_RTOS_V2 -I../../Middlewares/Third_Party/FreeRTOS/Source/portable/GCC/ARM_CM4F -I../../Drivers/CMSIS/Device/ST/STM32H7xx/Include -I../../Drivers/CMSIS/Include -I../../Drivers/BSP/Components/Common -I../../Drivers/BSP/STM32H735G-DK -I../../Middlewares/ST/touchgfx/framework/include -I../../TouchGFX/generated/fonts/include -I../../TouchGFX/generated/gui_generated/include -I../../TouchGFX/generated/images/include -I../../TouchGFX/generated/texts/include -I../../TouchGFX/gui/include -I../../TouchGFX/generated/videos/include -O0 -ffunction-sections -fdata-sections -Wall -fstack-usage -fcyclomatic-complexity -MMD -MP -MF"Drivers/STM32H7xx_HAL_Driver/stm32h7xx_hal_i2c.d" -MT"Drivers/STM32H7xx_HAL_Driver/stm32h7xx_hal_i2c.o" --specs=nano.specs -mfpu=fpv5-d16 -mfloat-abi=hard -mthumb -o "Drivers/STM32H7xx_HAL_Driver/stm32h7xx_hal_i2c.o"
arm-none-eabi-gcc "C:/ProjectsOnC/PhasorRadio/Code/PhasorRadio1/Drivers/STM32H7xx_HAL_Driver/Src/stm32h7xx_hal_i2c_ex.c" -mcpu=cortex-m7 -std=gnu11 -g -DUSE_HAL_DRIVER -DARM_MATH_CM7 -DUSE_BPP=24 -DDEBUG -DSTM32H735xx -c -I"C:/ProjectsOnC/PhasorRadio/Code/PhasorRadio1/STM32CubeIDE/Drivers/CMSIS/DSP/Include" -I../../Core/Inc -I"C:/ProjectsOnC/PhasorRadio/Code/PhasorRadio1/STM32CubeIDE/SI5351" -I../../TouchGFX/App -I../../TouchGFX/target/generated -I../../TouchGFX/target -I../../Drivers/STM32H7xx_HAL_Driver/Inc -I../../Drivers/STM32H7xx_HAL_Driver/Inc/Legacy -I../../Middlewares/Third_Party/FreeRTOS/Source/include -I../../Middlewares/Third_Party/FreeRTOS/Source/CMSIS_RTOS_V2 -I../../Middlewares/Third_Party/FreeRTOS/Source/portable/GCC/ARM_CM4F -I../../Drivers/CMSIS/Device/ST/STM32H7xx/Include -I../../Drivers/CMSIS/Include -I../../Drivers/BSP/Components/Common -I../../Drivers/BSP/STM32H735G-DK -I../../Middlewares/ST/touchgfx/framework/include -I../../TouchGFX/generated/fonts/include -I../../TouchGFX/generated/gui_generated/include -I../../TouchGFX/generated/images/include -I../../TouchGFX/generated/texts/include -I../../TouchGFX/gui/include -I../../TouchGFX/generated/videos/include -O0 -ffunction-sections -fdata-sections -Wall -fstack-usage -fcyclomatic-complexity -MMD -MP -MF"Drivers/STM32H7xx_HAL_Driver/stm32h7xx_hal_i2c_ex.d" -MT"Drivers/STM32H7xx_HAL_Driver/stm32h7xx_hal_i2c_ex.o" --specs=nano.specs -mfpu=fpv5-d16 -mfloat-abi=hard -mthumb -o "Drivers/STM32H7xx_HAL_Driver/stm32h7xx_hal_i2c_ex.o"
arm-none-eabi-gcc "C:/ProjectsOnC/PhasorRadio/Code/PhasorRadio1/Drivers/STM32H7xx_HAL_Driver/Src/stm32h7xx_hal_ltdc.c" -mcpu=cortex-m7 -std=gnu11 -g -DUSE_HAL_DRIVER -DARM_MATH_CM7 -DUSE_BPP=24 -DDEBUG -DSTM32H735xx -c -I"C:/ProjectsOnC/PhasorRadio/Code/PhasorRadio1/STM32CubeIDE/Drivers/CMSIS/DSP/Include" -I../../Core/Inc -I"C:/ProjectsOnC/PhasorRadio/Code/PhasorRadio1/STM32CubeIDE/SI5351" -I../../TouchGFX/App -I../../TouchGFX/target/generated -I../../TouchGFX/target -I../../Drivers/STM32H7xx_HAL_Driver/Inc -I../../Drivers/STM32H7xx_HAL_Driver/Inc/Legacy -I../../Middlewares/Third_Party/FreeRTOS/Source/include -I../../Middlewares/Third_Party/FreeRTOS/Source/CMSIS_RTOS_V2 -I../../Middlewares/Third_Party/FreeRTOS/Source/portable/GCC/ARM_CM4F -I../../Drivers/CMSIS/Device/ST/STM32H7xx/Include -I../../Drivers/CMSIS/Include -I../../Drivers/BSP/Components/Common -I../../Drivers/BSP/STM32H735G-DK -I../../Middlewares/ST/touchgfx/framework/include -I../../TouchGFX/generated/fonts/include -I../../TouchGFX/generated/gui_generated/include -I../../TouchGFX/generated/images/include -I../../TouchGFX/generated/texts/include -I../../TouchGFX/gui/include -I../../TouchGFX/generated/videos/include -O0 -ffunction-sections -fdata-sections -Wall -fstack-usage -fcyclomatic-complexity -MMD -MP -MF"Drivers/STM32H7xx_HAL_Driver/stm32h7xx_hal_ltdc.d" -MT"Drivers/STM32H7xx_HAL_Driver/stm32h7xx_hal_ltdc.o" --specs=nano.specs -mfpu=fpv5-d16 -mfloat-abi=hard -mthumb -o "Drivers/STM32H7xx_HAL_Driver/stm32h7xx_hal_ltdc.o"
arm-none-eabi-gcc "C:/ProjectsOnC/PhasorRadio/Code/PhasorRadio1/Drivers/STM32H7xx_HAL_Driver/Src/stm32h7xx_hal_ltdc_ex.c" -mcpu=cortex-m7 -std=gnu11 -g -DUSE_HAL_DRIVER -DARM_MATH_CM7 -DUSE_BPP=24 -DDEBUG -DSTM32H735xx -c -I"C:/ProjectsOnC/PhasorRadio/Code/PhasorRadio1/STM32CubeIDE/Drivers/CMSIS/DSP/Include" -I../../Core/Inc -I"C:/ProjectsOnC/PhasorRadio/Code/PhasorRadio1/STM32CubeIDE/SI5351" -I../../TouchGFX/App -I../../TouchGFX/target/generated -I../../TouchGFX/target -I../../Drivers/STM32H7xx_HAL_Driver/Inc -I../../Drivers/STM32H7xx_HAL_Driver/Inc/Legacy -I../../Middlewares/Third_Party/FreeRTOS/Source/include -I../../Middlewares/Third_Party/FreeRTOS/Source/CMSIS_RTOS_V2 -I../../Middlewares/Third_Party/FreeRTOS/Source/portable/GCC/ARM_CM4F -I../../Drivers/CMSIS/Device/ST/STM32H7xx/Include -I../../Drivers/CMSIS/Include -I../../Drivers/BSP/Components/Common -I../../Drivers/BSP/STM32H735G-DK -I../../Middlewares/ST/touchgfx/framework/include -I../../TouchGFX/generated/fonts/include -I../../TouchGFX/generated/gui_generated/include -I../../TouchGFX/generated/images/include -I../../TouchGFX/generated/texts/include -I../../TouchGFX/gui/include -I../../TouchGFX/generated/videos/include -O0 -ffunction-sections -fdata-sections -Wall -fstack-usage -fcyclomatic-complexity -MMD -MP -MF"Drivers/STM32H7xx_HAL_Driver/stm32h7xx_hal_ltdc_ex.d" -MT"Drivers/STM32H7xx_HAL_Driver/stm32h7xx_hal_ltdc_ex.o" --specs=nano.specs -mfpu=fpv5-d16 -mfloat-abi=hard -mthumb -o "Drivers/STM32H7xx_HAL_Driver/stm32h7xx_hal_ltdc_ex.o"
arm-none-eabi-gcc "C:/ProjectsOnC/PhasorRadio/Code/PhasorRadio1/Drivers/STM32H7xx_HAL_Driver/Src/stm32h7xx_hal_mdma.c" -mcpu=cortex-m7 -std=gnu11 -g -DUSE_HAL_DRIVER -DARM_MATH_CM7 -DUSE_BPP=24 -DDEBUG -DSTM32H735xx -c -I"C:/ProjectsOnC/PhasorRadio/Code/PhasorRadio1/STM32CubeIDE/Drivers/CMSIS/DSP/Include" -I../../Core/Inc -I"C:/ProjectsOnC/PhasorRadio/Code/PhasorRadio1/STM32CubeIDE/SI5351" -I../../TouchGFX/App -I../../TouchGFX/target/generated -I../../TouchGFX/target -I../../Drivers/STM32H7xx_HAL_Driver/Inc -I../../Drivers/STM32H7xx_HAL_Driver/Inc/Legacy -I../../Middlewares/Third_Party/FreeRTOS/Source/include -I../../Middlewares/Third_Party/FreeRTOS/Source/CMSIS_RTOS_V2 -I../../Middlewares/Third_Party/FreeRTOS/Source/portable/GCC/ARM_CM4F -I../../Drivers/CMSIS/Device/ST/STM32H7xx/Include -I../../Drivers/CMSIS/Include -I../../Drivers/BSP/Components/Common -I../../Drivers/BSP/STM32H735G-DK -I../../Middlewares/ST/touchgfx/framework/include -I../../TouchGFX/generated/fonts/include -I../../TouchGFX/generated/gui_generated/include -I../../TouchGFX/generated/images/include -I../../TouchGFX/generated/texts/include -I../../TouchGFX/gui/include -I../../TouchGFX/generated/videos/include -O0 -ffunction-sections -fdata-sections -Wall -fstack-usage -fcyclomatic-complexity -MMD -MP -MF"Drivers/STM32H7xx_HAL_Driver/stm32h7xx_hal_mdma.d" -MT"Drivers/STM32H7xx_HAL_Driver/stm32h7xx_hal_mdma.o" --specs=nano.specs -mfpu=fpv5-d16 -mfloat-abi=hard -mthumb -o "Drivers/STM32H7xx_HAL_Driver/stm32h7xx_hal_mdma.o"
arm-none-eabi-gcc "C:/ProjectsOnC/PhasorRadio/Code/PhasorRadio1/Drivers/STM32H7xx_HAL_Driver/Src/stm32h7xx_hal_opamp.c" -mcpu=cortex-m7 -std=gnu11 -g -DUSE_HAL_DRIVER -DARM_MATH_CM7 -DUSE_BPP=24 -DDEBUG -DSTM32H735xx -c -I"C:/ProjectsOnC/PhasorRadio/Code/PhasorRadio1/STM32CubeIDE/Drivers/CMSIS/DSP/Include" -I../../Core/Inc -I"C:/ProjectsOnC/PhasorRadio/Code/PhasorRadio1/STM32CubeIDE/SI5351" -I../../TouchGFX/App -I../../TouchGFX/target/generated -I../../TouchGFX/target -I../../Drivers/STM32H7xx_HAL_Driver/Inc -I../../Drivers/STM32H7xx_HAL_Driver/Inc/Legacy -I../../Middlewares/Third_Party/FreeRTOS/Source/include -I../../Middlewares/Third_Party/FreeRTOS/Source/CMSIS_RTOS_V2 -I../../Middlewares/Third_Party/FreeRTOS/Source/portable/GCC/ARM_CM4F -I../../Drivers/CMSIS/Device/ST/STM32H7xx/Include -I../../Drivers/CMSIS/Include -I../../Drivers/BSP/Components/Common -I../../Drivers/BSP/STM32H735G-DK -I../../Middlewares/ST/touchgfx/framework/include -I../../TouchGFX/generated/fonts/include -I../../TouchGFX/generated/gui_generated/include -I../../TouchGFX/generated/images/include -I../../TouchGFX/generated/texts/include -I../../TouchGFX/gui/include -I../../TouchGFX/generated/videos/include -O0 -ffunction-sections -fdata-sections -Wall -fstack-usage -fcyclomatic-complexity -MMD -MP -MF"Drivers/STM32H7xx_HAL_Driver/stm32h7xx_hal_opamp.d" -MT"Drivers/STM32H7xx_HAL_Driver/stm32h7xx_hal_opamp.o" --specs=nano.specs -mfpu=fpv5-d16 -mfloat-abi=hard -mthumb -o "Drivers/STM32H7xx_HAL_Driver/stm32h7xx_hal_opamp.o"
arm-none-eabi-gcc "C:/ProjectsOnC/PhasorRadio/Code/PhasorRadio1/Drivers/STM32H7xx_HAL_Driver/Src/stm32h7xx_hal_opamp_ex.c" -mcpu=cortex-m7 -std=gnu11 -g -DUSE_HAL_DRIVER -DARM_MATH_CM7 -DUSE_BPP=24 -DDEBUG -DSTM32H735xx -c -I"C:/ProjectsOnC/PhasorRadio/Code/PhasorRadio1/STM32CubeIDE/Drivers/CMSIS/DSP/Include" -I../../Core/Inc -I"C:/ProjectsOnC/PhasorRadio/Code/PhasorRadio1/STM32CubeIDE/SI5351" -I../../TouchGFX/App -I../../TouchGFX/target/generated -I../../TouchGFX/target -I../../Drivers/STM32H7xx_HAL_Driver/Inc -I../../Drivers/STM32H7xx_HAL_Driver/Inc/Legacy -I../../Middlewares/Third_Party/FreeRTOS/Source/include -I../../Middlewares/Third_Party/FreeRTOS/Source/CMSIS_RTOS_V2 -I../../Middlewares/Third_Party/FreeRTOS/Source/portable/GCC/ARM_CM4F -I../../Drivers/CMSIS/Device/ST/STM32H7xx/Include -I../../Drivers/CMSIS/Include -I../../Drivers/BSP/Components/Common -I../../Drivers/BSP/STM32H735G-DK -I../../Middlewares/ST/touchgfx/framework/include -I../../TouchGFX/generated/fonts/include -I../../TouchGFX/generated/gui_generated/include -I../../TouchGFX/generated/images/include -I../../TouchGFX/generated/texts/include -I../../TouchGFX/gui/include -I../../TouchGFX/generated/videos/include -O0 -ffunction-sections -fdata-sections -Wall -fstack-usage -fcyclomatic-complexity -MMD -MP -MF"Drivers/STM32H7xx_HAL_Driver/stm32h7xx_hal_opamp_ex.d" -MT"Drivers/STM32H7xx_HAL_Driver/stm32h7xx_hal_opamp_ex.o" --specs=nano.specs -mfpu=fpv5-d16 -mfloat-abi=hard -mthumb -o "Drivers/STM32H7xx_HAL_Driver/stm32h7xx_hal_opamp_ex.o"
arm-none-eabi-gcc "C:/ProjectsOnC/PhasorRadio/Code/PhasorRadio1/Drivers/STM32H7xx_HAL_Driver/Src/stm32h7xx_hal_ospi.c" -mcpu=cortex-m7 -std=gnu11 -g -DUSE_HAL_DRIVER -DARM_MATH_CM7 -DUSE_BPP=24 -DDEBUG -DSTM32H735xx -c -I"C:/ProjectsOnC/PhasorRadio/Code/PhasorRadio1/STM32CubeIDE/Drivers/CMSIS/DSP/Include" -I../../Core/Inc -I"C:/ProjectsOnC/PhasorRadio/Code/PhasorRadio1/STM32CubeIDE/SI5351" -I../../TouchGFX/App -I../../TouchGFX/target/generated -I../../TouchGFX/target -I../../Drivers/STM32H7xx_HAL_Driver/Inc -I../../Drivers/STM32H7xx_HAL_Driver/Inc/Legacy -I../../Middlewares/Third_Party/FreeRTOS/Source/include -I../../Middlewares/Third_Party/FreeRTOS/Source/CMSIS_RTOS_V2 -I../../Middlewares/Third_Party/FreeRTOS/Source/portable/GCC/ARM_CM4F -I../../Drivers/CMSIS/Device/ST/STM32H7xx/Include -I../../Drivers/CMSIS/Include -I../../Drivers/BSP/Components/Common -I../../Drivers/BSP/STM32H735G-DK -I../../Middlewares/ST/touchgfx/framework/include -I../../TouchGFX/generated/fonts/include -I../../TouchGFX/generated/gui_generated/include -I../../TouchGFX/generated/images/include -I../../TouchGFX/generated/texts/include -I../../TouchGFX/gui/include -I../../TouchGFX/generated/videos/include -O0 -ffunction-sections -fdata-sections -Wall -fstack-usage -fcyclomatic-complexity -MMD -MP -MF"Drivers/STM32H7xx_HAL_Driver/stm32h7xx_hal_ospi.d" -MT"Drivers/STM32H7xx_HAL_Driver/stm32h7xx_hal_ospi.o" --specs=nano.specs -mfpu=fpv5-d16 -mfloat-abi=hard -mthumb -o "Drivers/STM32H7xx_HAL_Driver/stm32h7xx_hal_ospi.o"
arm-none-eabi-gcc "C:/ProjectsOnC/PhasorRadio/Code/PhasorRadio1/Drivers/STM32H7xx_HAL_Driver/Src/stm32h7xx_hal_pwr.c" -mcpu=cortex-m7 -std=gnu11 -g -DUSE_HAL_DRIVER -DARM_MATH_CM7 -DUSE_BPP=24 -DDEBUG -DSTM32H735xx -c -I"C:/ProjectsOnC/PhasorRadio/Code/PhasorRadio1/STM32CubeIDE/Drivers/CMSIS/DSP/Include" -I../../Core/Inc -I"C:/ProjectsOnC/PhasorRadio/Code/PhasorRadio1/STM32CubeIDE/SI5351" -I../../TouchGFX/App -I../../TouchGFX/target/generated -I../../TouchGFX/target -I../../Drivers/STM32H7xx_HAL_Driver/Inc -I../../Drivers/STM32H7xx_HAL_Driver/Inc/Legacy -I../../Middlewares/Third_Party/FreeRTOS/Source/include -I../../Middlewares/Third_Party/FreeRTOS/Source/CMSIS_RTOS_V2 -I../../Middlewares/Third_Party/FreeRTOS/Source/portable/GCC/ARM_CM4F -I../../Drivers/CMSIS/Device/ST/STM32H7xx/Include -I../../Drivers/CMSIS/Include -I../../Drivers/BSP/Components/Common -I../../Drivers/BSP/STM32H735G-DK -I../../Middlewares/ST/touchgfx/framework/include -I../../TouchGFX/generated/fonts/include -I../../TouchGFX/generated/gui_generated/include -I../../TouchGFX/generated/images/include -I../../TouchGFX/generated/texts/include -I../../TouchGFX/gui/include -I../../TouchGFX/generated/videos/include -O0 -ffunction-sections -fdata-sections -Wall -fstack-usage -fcyclomatic-complexity -MMD -MP -MF"Drivers/STM32H7xx_HAL_Driver/stm32h7xx_hal_pwr.d" -MT"Drivers/STM32H7xx_HAL_Driver/stm32h7xx_hal_pwr.o" --specs=nano.specs -mfpu=fpv5-d16 -mfloat-abi=hard -mthumb -o "Drivers/STM32H7xx_HAL_Driver/stm32h7xx_hal_pwr.o"
arm-none-eabi-gcc "C:/ProjectsOnC/PhasorRadio/Code/PhasorRadio1/Drivers/STM32H7xx_HAL_Driver/Src/stm32h7xx_hal_pwr_ex.c" -mcpu=cortex-m7 -std=gnu11 -g -DUSE_HAL_DRIVER -DARM_MATH_CM7 -DUSE_BPP=24 -DDEBUG -DSTM32H735xx -c -I"C:/ProjectsOnC/PhasorRadio/Code/PhasorRadio1/STM32CubeIDE/Drivers/CMSIS/DSP/Include" -I../../Core/Inc -I"C:/ProjectsOnC/PhasorRadio/Code/PhasorRadio1/STM32CubeIDE/SI5351" -I../../TouchGFX/App -I../../TouchGFX/target/generated -I../../TouchGFX/target -I../../Drivers/STM32H7xx_HAL_Driver/Inc -I../../Drivers/STM32H7xx_HAL_Driver/Inc/Legacy -I../../Middlewares/Third_Party/FreeRTOS/Source/include -I../../Middlewares/Third_Party/FreeRTOS/Source/CMSIS_RTOS_V2 -I../../Middlewares/Third_Party/FreeRTOS/Source/portable/GCC/ARM_CM4F -I../../Drivers/CMSIS/Device/ST/STM32H7xx/Include -I../../Drivers/CMSIS/Include -I../../Drivers/BSP/Components/Common -I../../Drivers/BSP/STM32H735G-DK -I../../Middlewares/ST/touchgfx/framework/include -I../../TouchGFX/generated/fonts/include -I../../TouchGFX/generated/gui_generated/include -I../../TouchGFX/generated/images/include -I../../TouchGFX/generated/texts/include -I../../TouchGFX/gui/include -I../../TouchGFX/generated/videos/include -O0 -ffunction-sections -fdata-sections -Wall -fstack-usage -fcyclomatic-complexity -MMD -MP -MF"Drivers/STM32H7xx_HAL_Driver/stm32h7xx_hal_pwr_ex.d" -MT"Drivers/STM32H7xx_HAL_Driver/stm32h7xx_hal_pwr_ex.o" --specs=nano.specs -mfpu=fpv5-d16 -mfloat-abi=hard -mthumb -o "Drivers/STM32H7xx_HAL_Driver/stm32h7xx_hal_pwr_ex.o"
arm-none-eabi-gcc "C:/ProjectsOnC/PhasorRadio/Code/PhasorRadio1/Drivers/STM32H7xx_HAL_Driver/Src/stm32h7xx_hal_rcc.c" -mcpu=cortex-m7 -std=gnu11 -g -DUSE_HAL_DRIVER -DARM_MATH_CM7 -DUSE_BPP=24 -DDEBUG -DSTM32H735xx -c -I"C:/ProjectsOnC/PhasorRadio/Code/PhasorRadio1/STM32CubeIDE/Drivers/CMSIS/DSP/Include" -I../../Core/Inc -I"C:/ProjectsOnC/PhasorRadio/Code/PhasorRadio1/STM32CubeIDE/SI5351" -I../../TouchGFX/App -I../../TouchGFX/target/generated -I../../TouchGFX/target -I../../Drivers/STM32H7xx_HAL_Driver/Inc -I../../Drivers/STM32H7xx_HAL_Driver/Inc/Legacy -I../../Middlewares/Third_Party/FreeRTOS/Source/include -I../../Middlewares/Third_Party/FreeRTOS/Source/CMSIS_RTOS_V2 -I../../Middlewares/Third_Party/FreeRTOS/Source/portable/GCC/ARM_CM4F -I../../Drivers/CMSIS/Device/ST/STM32H7xx/Include -I../../Drivers/CMSIS/Include -I../../Drivers/BSP/Components/Common -I../../Drivers/BSP/STM32H735G-DK -I../../Middlewares/ST/touchgfx/framework/include -I../../TouchGFX/generated/fonts/include -I../../TouchGFX/generated/gui_generated/include -I../../TouchGFX/generated/images/include -I../../TouchGFX/generated/texts/include -I../../TouchGFX/gui/include -I../../TouchGFX/generated/videos/include -O0 -ffunction-sections -fdata-sections -Wall -fstack-usage -fcyclomatic-complexity -MMD -MP -MF"Drivers/STM32H7xx_HAL_Driver/stm32h7xx_hal_rcc.d" -MT"Drivers/STM32H7xx_HAL_Driver/stm32h7xx_hal_rcc.o" --specs=nano.specs -mfpu=fpv5-d16 -mfloat-abi=hard -mthumb -o "Drivers/STM32H7xx_HAL_Driver/stm32h7xx_hal_rcc.o"
arm-none-eabi-gcc "C:/ProjectsOnC/PhasorRadio/Code/PhasorRadio1/Drivers/STM32H7xx_HAL_Driver/Src/stm32h7xx_hal_rcc_ex.c" -mcpu=cortex-m7 -std=gnu11 -g -DUSE_HAL_DRIVER -DARM_MATH_CM7 -DUSE_BPP=24 -DDEBUG -DSTM32H735xx -c -I"C:/ProjectsOnC/PhasorRadio/Code/PhasorRadio1/STM32CubeIDE/Drivers/CMSIS/DSP/Include" -I../../Core/Inc -I"C:/ProjectsOnC/PhasorRadio/Code/PhasorRadio1/STM32CubeIDE/SI5351" -I../../TouchGFX/App -I../../TouchGFX/target/generated -I../../TouchGFX/target -I../../Drivers/STM32H7xx_HAL_Driver/Inc -I../../Drivers/STM32H7xx_HAL_Driver/Inc/Legacy -I../../Middlewares/Third_Party/FreeRTOS/Source/include -I../../Middlewares/Third_Party/FreeRTOS/Source/CMSIS_RTOS_V2 -I../../Middlewares/Third_Party/FreeRTOS/Source/portable/GCC/ARM_CM4F -I../../Drivers/CMSIS/Device/ST/STM32H7xx/Include -I../../Drivers/CMSIS/Include -I../../Drivers/BSP/Components/Common -I../../Drivers/BSP/STM32H735G-DK -I../../Middlewares/ST/touchgfx/framework/include -I../../TouchGFX/generated/fonts/include -I../../TouchGFX/generated/gui_generated/include -I../../TouchGFX/generated/images/include -I../../TouchGFX/generated/texts/include -I../../TouchGFX/gui/include -I../../TouchGFX/generated/videos/include -O0 -ffunction-sections -fdata-sections -Wall -fstack-usage -fcyclomatic-complexity -MMD -MP -MF"Drivers/STM32H7xx_HAL_Driver/stm32h7xx_hal_rcc_ex.d" -MT"Drivers/STM32H7xx_HAL_Driver/stm32h7xx_hal_rcc_ex.o" --specs=nano.specs -mfpu=fpv5-d16 -mfloat-abi=hard -mthumb -o "Drivers/STM32H7xx_HAL_Driver/stm32h7xx_hal_rcc_ex.o"
arm-none-eabi-gcc "C:/ProjectsOnC/PhasorRadio/Code/PhasorRadio1/Drivers/STM32H7xx_HAL_Driver/Src/stm32h7xx_hal_tim.c" -mcpu=cortex-m7 -std=gnu11 -g -DUSE_HAL_DRIVER -DARM_MATH_CM7 -DUSE_BPP=24 -DDEBUG -DSTM32H735xx -c -I"C:/ProjectsOnC/PhasorRadio/Code/PhasorRadio1/STM32CubeIDE/Drivers/CMSIS/DSP/Include" -I../../Core/Inc -I"C:/ProjectsOnC/PhasorRadio/Code/PhasorRadio1/STM32CubeIDE/SI5351" -I../../TouchGFX/App -I../../TouchGFX/target/generated -I../../TouchGFX/target -I../../Drivers/STM32H7xx_HAL_Driver/Inc -I../../Drivers/STM32H7xx_HAL_Driver/Inc/Legacy -I../../Middlewares/Third_Party/FreeRTOS/Source/include -I../../Middlewares/Third_Party/FreeRTOS/Source/CMSIS_RTOS_V2 -I../../Middlewares/Third_Party/FreeRTOS/Source/portable/GCC/ARM_CM4F -I../../Drivers/CMSIS/Device/ST/STM32H7xx/Include -I../../Drivers/CMSIS/Include -I../../Drivers/BSP/Components/Common -I../../Drivers/BSP/STM32H735G-DK -I../../Middlewares/ST/touchgfx/framework/include -I../../TouchGFX/generated/fonts/include -I../../TouchGFX/generated/gui_generated/include -I../../TouchGFX/generated/images/include -I../../TouchGFX/generated/texts/include -I../../TouchGFX/gui/include -I../../TouchGFX/generated/videos/include -O0 -ffunction-sections -fdata-sections -Wall -fstack-usage -fcyclomatic-complexity -MMD -MP -MF"Drivers/STM32H7xx_HAL_Driver/stm32h7xx_hal_tim.d" -MT"Drivers/STM32H7xx_HAL_Driver/stm32h7xx_hal_tim.o" --specs=nano.specs -mfpu=fpv5-d16 -mfloat-abi=hard -mthumb -o "Drivers/STM32H7xx_HAL_Driver/stm32h7xx_hal_tim.o"
arm-none-eabi-gcc "C:/ProjectsOnC/PhasorRadio/Code/PhasorRadio1/Drivers/STM32H7xx_HAL_Driver/Src/stm32h7xx_hal_tim_ex.c" -mcpu=cortex-m7 -std=gnu11 -g -DUSE_HAL_DRIVER -DARM_MATH_CM7 -DUSE_BPP=24 -DDEBUG -DSTM32H735xx -c -I"C:/ProjectsOnC/PhasorRadio/Code/PhasorRadio1/STM32CubeIDE/Drivers/CMSIS/DSP/Include" -I../../Core/Inc -I"C:/ProjectsOnC/PhasorRadio/Code/PhasorRadio1/STM32CubeIDE/SI5351" -I../../TouchGFX/App -I../../TouchGFX/target/generated -I../../TouchGFX/target -I../../Drivers/STM32H7xx_HAL_Driver/Inc -I../../Drivers/STM32H7xx_HAL_Driver/Inc/Legacy -I../../Middlewares/Third_Party/FreeRTOS/Source/include -I../../Middlewares/Third_Party/FreeRTOS/Source/CMSIS_RTOS_V2 -I../../Middlewares/Third_Party/FreeRTOS/Source/portable/GCC/ARM_CM4F -I../../Drivers/CMSIS/Device/ST/STM32H7xx/Include -I../../Drivers/CMSIS/Include -I../../Drivers/BSP/Components/Common -I../../Drivers/BSP/STM32H735G-DK -I../../Middlewares/ST/touchgfx/framework/include -I../../TouchGFX/generated/fonts/include -I../../TouchGFX/generated/gui_generated/include -I../../TouchGFX/generated/images/include -I../../TouchGFX/generated/texts/include -I../../TouchGFX/gui/include -I../../TouchGFX/generated/videos/include -O0 -ffunction-sections -fdata-sections -Wall -fstack-usage -fcyclomatic-complexity -MMD -MP -MF"Drivers/STM32H7xx_HAL_Driver/stm32h7xx_hal_tim_ex.d" -MT"Drivers/STM32H7xx_HAL_Driver/stm32h7xx_hal_tim_ex.o" --specs=nano.specs -mfpu=fpv5-d16 -mfloat-abi=hard -mthumb -o "Drivers/STM32H7xx_HAL_Driver/stm32h7xx_hal_tim_ex.o"
arm-none-eabi-gcc "C:/ProjectsOnC/PhasorRadio/Code/PhasorRadio1/Core/Src/system_stm32h7xx.c" -mcpu=cortex-m7 -std=gnu11 -g -DUSE_HAL_DRIVER -DARM_MATH_CM7 -DUSE_BPP=24 -DDEBUG -DSTM32H735xx -c -I"C:/ProjectsOnC/PhasorRadio/Code/PhasorRadio1/STM32CubeIDE/Drivers/CMSIS/DSP/Include" -I../../Core/Inc -I"C:/ProjectsOnC/PhasorRadio/Code/PhasorRadio1/STM32CubeIDE/SI5351" -I../../TouchGFX/App -I../../TouchGFX/target/generated -I../../TouchGFX/target -I../../Drivers/STM32H7xx_HAL_Driver/Inc -I../../Drivers/STM32H7xx_HAL_Driver/Inc/Legacy -I../../Middlewares/Third_Party/FreeRTOS/Source/include -I../../Middlewares/Third_Party/FreeRTOS/Source/CMSIS_RTOS_V2 -I../../Middlewares/Third_Party/FreeRTOS/Source/portable/GCC/ARM_CM4F -I../../Drivers/CMSIS/Device/ST/STM32H7xx/Include -I../../Drivers/CMSIS/Include -I../../Drivers/BSP/Components/Common -I../../Drivers/BSP/STM32H735G-DK -I../../Middlewares/ST/touchgfx/framework/include -I../../TouchGFX/generated/fonts/include -I../../TouchGFX/generated/gui_generated/include -I../../TouchGFX/generated/images/include -I../../TouchGFX/generated/texts/include -I../../TouchGFX/gui/include -I../../TouchGFX/generated/videos/include -O0 -ffunction-sections -fdata-sections -Wall -fstack-usage -fcyclomatic-complexity -MMD -MP -MF"Drivers/CMSIS/system_stm32h7xx.d" -MT"Drivers/CMSIS/system_stm32h7xx.o" --specs=nano.specs -mfpu=fpv5-d16 -mfloat-abi=hard -mthumb -o "Drivers/CMSIS/system_stm32h7xx.o"
arm-none-eabi-gcc "C:/ProjectsOnC/PhasorRadio/Code/PhasorRadio1/Drivers/BSP/STM32H735G-DK/stm32h735g_discovery_bus.c" -mcpu=cortex-m7 -std=gnu11 -g -DUSE_HAL_DRIVER -DARM_MATH_CM7 -DUSE_BPP=24 -DDEBUG -DSTM32H735xx -c -I"C:/ProjectsOnC/PhasorRadio/Code/PhasorRadio1/STM32CubeIDE/Drivers/CMSIS/DSP/Include" -I../../Core/Inc -I"C:/ProjectsOnC/PhasorRadio/Code/PhasorRadio1/STM32CubeIDE/SI5351" -I../../TouchGFX/App -I../../TouchGFX/target/generated -I../../TouchGFX/target -I../../Drivers/STM32H7xx_HAL_Driver/Inc -I../../Drivers/STM32H7xx_HAL_Driver/Inc/Legacy -I../../Middlewares/Third_Party/FreeRTOS/Source/include -I../../Middlewares/Third_Party/FreeRTOS/Source/CMSIS_RTOS_V2 -I../../Middlewares/Third_Party/FreeRTOS/Source/portable/GCC/ARM_CM4F -I../../Drivers/CMSIS/Device/ST/STM32H7xx/Include -I../../Drivers/CMSIS/Include -I../../Drivers/BSP/Components/Common -I../../Drivers/BSP/STM32H735G-DK -I../../Middlewares/ST/touchgfx/framework/include -I../../TouchGFX/generated/fonts/include -I../../TouchGFX/generated/gui_generated/include -I../../TouchGFX/generated/images/include -I../../TouchGFX/generated/texts/include -I../../TouchGFX/gui/include -I../../TouchGFX/generated/videos/include -O0 -ffunction-sections -fdata-sections -Wall -fstack-usage -fcyclomatic-complexity -MMD -MP -MF"Drivers/BSP/STM32H735G-DK/stm32h735g_discovery_bus.d" -MT"Drivers/BSP/STM32H735G-DK/stm32h735g_discovery_bus.o" --specs=nano.specs -mfpu=fpv5-d16 -mfloat-abi=hard -mthumb -o "Drivers/BSP/STM32H735G-DK/stm32h735g_discovery_bus.o"
arm-none-eabi-gcc "C:/ProjectsOnC/PhasorRadio/Code/PhasorRadio1/Drivers/BSP/STM32H735G-DK/stm32h735g_discovery_ospi.c" -mcpu=cortex-m7 -std=gnu11 -g -DUSE_HAL_DRIVER -DARM_MATH_CM7 -DUSE_BPP=24 -DDEBUG -DSTM32H735xx -c -I"C:/ProjectsOnC/PhasorRadio/Code/PhasorRadio1/STM32CubeIDE/Drivers/CMSIS/DSP/Include" -I../../Core/Inc -I"C:/ProjectsOnC/PhasorRadio/Code/PhasorRadio1/STM32CubeIDE/SI5351" -I../../TouchGFX/App -I../../TouchGFX/target/generated -I../../TouchGFX/target -I../../Drivers/STM32H7xx_HAL_Driver/Inc -I../../Drivers/STM32H7xx_HAL_Driver/Inc/Legacy -I../../Middlewares/Third_Party/FreeRTOS/Source/include -I../../Middlewares/Third_Party/FreeRTOS/Source/CMSIS_RTOS_V2 -I../../Middlewares/Third_Party/FreeRTOS/Source/portable/GCC/ARM_CM4F -I../../Drivers/CMSIS/Device/ST/STM32H7xx/Include -I../../Drivers/CMSIS/Include -I../../Drivers/BSP/Components/Common -I../../Drivers/BSP/STM32H735G-DK -I../../Middlewares/ST/touchgfx/framework/include -I../../TouchGFX/generated/fonts/include -I../../TouchGFX/generated/gui_generated/include -I../../TouchGFX/generated/images/include -I../../TouchGFX/generated/texts/include -I../../TouchGFX/gui/include -I../../TouchGFX/generated/videos/include -O0 -ffunction-sections -fdata-sections -Wall -fstack-usage -fcyclomatic-complexity -MMD -MP -MF"Drivers/BSP/STM32H735G-DK/stm32h735g_discovery_ospi.d" -MT"Drivers/BSP/STM32H735G-DK/stm32h735g_discovery_ospi.o" --specs=nano.specs -mfpu=fpv5-d16 -mfloat-abi=hard -mthumb -o "Drivers/BSP/STM32H735G-DK/stm32h735g_discovery_ospi.o"
arm-none-eabi-gcc "C:/ProjectsOnC/PhasorRadio/Code/PhasorRadio1/Drivers/BSP/STM32H735G-DK/stm32h735g_discovery_ts.c" -mcpu=cortex-m7 -std=gnu11 -g -DUSE_HAL_DRIVER -DARM_MATH_CM7 -DUSE_BPP=24 -DDEBUG -DSTM32H735xx -c -I"C:/ProjectsOnC/PhasorRadio/Code/PhasorRadio1/STM32CubeIDE/Drivers/CMSIS/DSP/Include" -I../../Core/Inc -I"C:/ProjectsOnC/PhasorRadio/Code/PhasorRadio1/STM32CubeIDE/SI5351" -I../../TouchGFX/App -I../../TouchGFX/target/generated -I../../TouchGFX/target -I../../Drivers/STM32H7xx_HAL_Driver/Inc -I../../Drivers/STM32H7xx_HAL_Driver/Inc/Legacy -I../../Middlewares/Third_Party/FreeRTOS/Source/include -I../../Middlewares/Third_Party/FreeRTOS/Source/CMSIS_RTOS_V2 -I../../Middlewares/Third_Party/FreeRTOS/Source/portable/GCC/ARM_CM4F -I../../Drivers/CMSIS/Device/ST/STM32H7xx/Include -I../../Drivers/CMSIS/Include -I../../Drivers/BSP/Components/Common -I../../Drivers/BSP/STM32H735G-DK -I../../Middlewares/ST/touchgfx/framework/include -I../../TouchGFX/generated/fonts/include -I../../TouchGFX/generated/gui_generated/include -I../../TouchGFX/generated/images/include -I../../TouchGFX/generated/texts/include -I../../TouchGFX/gui/include -I../../TouchGFX/generated/videos/include -O0 -ffunction-sections -fdata-sections -Wall -fstack-usage -fcyclomatic-complexity -MMD -MP -MF"Drivers/BSP/STM32H735G-DK/stm32h735g_discovery_ts.d" -MT"Drivers/BSP/STM32H735G-DK/stm32h735g_discovery_ts.o" --specs=nano.specs -mfpu=fpv5-d16 -mfloat-abi=hard -mthumb -o "Drivers/BSP/STM32H735G-DK/stm32h735g_discovery_ts.o"
arm-none-eabi-gcc "C:/ProjectsOnC/PhasorRadio/Code/PhasorRadio1/Drivers/BSP/Components/mx25lm51245g/mx25lm51245g.c" -mcpu=cortex-m7 -std=gnu11 -g -DUSE_HAL_DRIVER -DARM_MATH_CM7 -DUSE_BPP=24 -DDEBUG -DSTM32H735xx -c -I"C:/ProjectsOnC/PhasorRadio/Code/PhasorRadio1/STM32CubeIDE/Drivers/CMSIS/DSP/Include" -I../../Core/Inc -I"C:/ProjectsOnC/PhasorRadio/Code/PhasorRadio1/STM32CubeIDE/SI5351" -I../../TouchGFX/App -I../../TouchGFX/target/generated -I../../TouchGFX/target -I../../Drivers/STM32H7xx_HAL_Driver/Inc -I../../Drivers/STM32H7xx_HAL_Driver/Inc/Legacy -I../../Middlewares/Third_Party/FreeRTOS/Source/include -I../../Middlewares/Third_Party/FreeRTOS/Source/CMSIS_RTOS_V2 -I../../Middlewares/Third_Party/FreeRTOS/Source/portable/GCC/ARM_CM4F -I../../Drivers/CMSIS/Device/ST/STM32H7xx/Include -I../../Drivers/CMSIS/Include -I../../Drivers/BSP/Components/Common -I../../Drivers/BSP/STM32H735G-DK -I../../Middlewares/ST/touchgfx/framework/include -I../../TouchGFX/generated/fonts/include -I../../TouchGFX/generated/gui_generated/include -I../../TouchGFX/generated/images/include -I../../TouchGFX/generated/texts/include -I../../TouchGFX/gui/include -I../../TouchGFX/generated/videos/include -O0 -ffunction-sections -fdata-sections -Wall -fstack-usage -fcyclomatic-complexity -MMD -MP -MF"Drivers/BSP/Components/mx25lm51245g.d" -MT"Drivers/BSP/Components/mx25lm51245g.o" --specs=nano.specs -mfpu=fpv5-d16 -mfloat-abi=hard -mthumb -o "Drivers/BSP/Components/mx25lm51245g.o"
arm-none-eabi-gcc "C:/ProjectsOnC/PhasorRadio/Code/PhasorRadio1/Drivers/BSP/Components/s70kl1281/s70kl1281.c" -mcpu=cortex-m7 -std=gnu11 -g -DUSE_HAL_DRIVER -DARM_MATH_CM7 -DUSE_BPP=24 -DDEBUG -DSTM32H735xx -c -I"C:/ProjectsOnC/PhasorRadio/Code/PhasorRadio1/STM32CubeIDE/Drivers/CMSIS/DSP/Include" -I../../Core/Inc -I"C:/ProjectsOnC/PhasorRadio/Code/PhasorRadio1/STM32CubeIDE/SI5351" -I../../TouchGFX/App -I../../TouchGFX/target/generated -I../../TouchGFX/target -I../../Drivers/STM32H7xx_HAL_Driver/Inc -I../../Drivers/STM32H7xx_HAL_Driver/Inc/Legacy -I../../Middlewares/Third_Party/FreeRTOS/Source/include -I../../Middlewares/Third_Party/FreeRTOS/Source/CMSIS_RTOS_V2 -I../../Middlewares/Third_Party/FreeRTOS/Source/portable/GCC/ARM_CM4F -I../../Drivers/CMSIS/Device/ST/STM32H7xx/Include -I../../Drivers/CMSIS/Include -I../../Drivers/BSP/Components/Common -I../../Drivers/BSP/STM32H735G-DK -I../../Middlewares/ST/touchgfx/framework/include -I../../TouchGFX/generated/fonts/include -I../../TouchGFX/generated/gui_generated/include -I../../TouchGFX/generated/images/include -I../../TouchGFX/generated/texts/include -I../../TouchGFX/gui/include -I../../TouchGFX/generated/videos/include -O0 -ffunction-sections -fdata-sections -Wall -fstack-usage -fcyclomatic-complexity -MMD -MP -MF"Drivers/BSP/Components/s70kl1281.d" -MT"Drivers/BSP/Components/s70kl1281.o" --specs=nano.specs -mfpu=fpv5-d16 -mfloat-abi=hard -mthumb -o "Drivers/BSP/Components/s70kl1281.o"
arm-none-eabi-g++ "C:/ProjectsOnC/PhasorRadio/Code/PhasorRadio1/TouchGFX/gui/src/model/Model.cpp" -mcpu=cortex-m7 -std=gnu++14 -g -DUSE_HAL_DRIVER -DARM_MATH_CM7 -DUSE_BPP=24 -DDEBUG -DSTM32H735xx -c -I../../Core/Inc -I../../TouchGFX/App -I../../TouchGFX/target/generated -I../../TouchGFX/target -I../../Drivers/STM32H7xx_HAL_Driver/Inc -I../../Drivers/STM32H7xx_HAL_Driver/Inc/Legacy -I../../Middlewares/Third_Party/FreeRTOS/Source/include -I../../Middlewares/Third_Party/FreeRTOS/Source/CMSIS_RTOS_V2 -I../../Middlewares/Third_Party/FreeRTOS/Source/portable/GCC/ARM_CM4F -I../../Drivers/CMSIS/Device/ST/STM32H7xx/Include -I../../Drivers/CMSIS/Include -I../../Drivers/BSP/Components/Common -I../../Drivers/BSP/STM32H735G-DK -I../../Middlewares/ST/touchgfx/framework/include -I../../TouchGFX/generated/fonts/include -I../../TouchGFX/generated/gui_generated/include -I../../TouchGFX/generated/images/include -I../../TouchGFX/generated/texts/include -I../../TouchGFX/gui/include -I../../TouchGFX/generated/videos/include -O0 -ffunction-sections -fdata-sections -fno-exceptions -fno-rtti -fno-use-cxa-atexit -Wall -femit-class-debug-always -fstack-usage -fcyclomatic-complexity -MMD -MP -MF"Application/User/gui/Model.d" -MT"Application/User/gui/Model.o" --specs=nano.specs -mfpu=fpv5-d16 -mfloat-abi=hard -mthumb -o "Application/User/gui/Model.o"
arm-none-eabi-g++ "C:/ProjectsOnC/PhasorRadio/Code/PhasorRadio1/TouchGFX/gui/src/screen1_screen/Screen1View.cpp" -mcpu=cortex-m7 -std=gnu++14 -g -DUSE_HAL_DRIVER -DARM_MATH_CM7 -DUSE_BPP=24 -DDEBUG -DSTM32H735xx -c -I../../Core/Inc -I../../TouchGFX/App -I../../TouchGFX/target/generated -I../../TouchGFX/target -I../../Drivers/STM32H7xx_HAL_Driver/Inc -I../../Drivers/STM32H7xx_HAL_Driver/Inc/Legacy -I../../Middlewares/Third_Party/FreeRTOS/Source/include -I../../Middlewares/Third_Party/FreeRTOS/Source/CMSIS_RTOS_V2 -I../../Middlewares/Third_Party/FreeRTOS/Source/portable/GCC/ARM_CM4F -I../../Drivers/CMSIS/Device/ST/STM32H7xx/Include -I../../Drivers/CMSIS/Include -I../../Drivers/BSP/Components/Common -I../../Drivers/BSP/STM32H735G-DK -I../../Middlewares/ST/touchgfx/framework/include -I../../TouchGFX/generated/fonts/include -I../../TouchGFX/generated/gui_generated/include -I../../TouchGFX/generated/images/include -I../../TouchGFX/generated/texts/include -I../../TouchGFX/gui/include -I../../TouchGFX/generated/videos/include -O0 -ffunction-sections -fdata-sections -fno-exceptions -fno-rtti -fno-use-cxa-atexit -Wall -femit-class-debug-always -fstack-usage -fcyclomatic-complexity -MMD -MP -MF"Application/User/gui/Screen1View.d" -MT"Application/User/gui/Screen1View.o" --specs=nano.specs -mfpu=fpv5-d16 -mfloat-abi=hard -mthumb -o "Application/User/gui/Screen1View.o"
arm-none-eabi-g++ "C:/ProjectsOnC/PhasorRadio/Code/PhasorRadio1/TouchGFX/target/generated/STM32DMA.cpp" -mcpu=cortex-m7 -std=gnu++14 -g -DUSE_HAL_DRIVER -DARM_MATH_CM7 -DUSE_BPP=24 -DDEBUG -DSTM32H735xx -c -I../../Core/Inc -I../../TouchGFX/App -I../../TouchGFX/target/generated -I../../TouchGFX/target -I../../Drivers/STM32H7xx_HAL_Driver/Inc -I../../Drivers/STM32H7xx_HAL_Driver/Inc/Legacy -I../../Middlewares/Third_Party/FreeRTOS/Source/include -I../../Middlewares/Third_Party/FreeRTOS/Source/CMSIS_RTOS_V2 -I../../Middlewares/Third_Party/FreeRTOS/Source/portable/GCC/ARM_CM4F -I../../Drivers/CMSIS/Device/ST/STM32H7xx/Include -I../../Drivers/CMSIS/Include -I../../Drivers/BSP/Components/Common -I../../Drivers/BSP/STM32H735G-DK -I../../Middlewares/ST/touchgfx/framework/include -I../../TouchGFX/generated/fonts/include -I../../TouchGFX/generated/gui_generated/include -I../../TouchGFX/generated/images/include -I../../TouchGFX/generated/texts/include -I../../TouchGFX/gui/include -I../../TouchGFX/generated/videos/include -O0 -ffunction-sections -fdata-sections -fno-exceptions -fno-rtti -fno-use-cxa-atexit -Wall -femit-class-debug-always -fstack-usage -fcyclomatic-complexity -MMD -MP -MF"Application/User/TouchGFX/target/generated/STM32DMA.d" -MT"Application/User/TouchGFX/target/generated/STM32DMA.o" --specs=nano.specs -mfpu=fpv5-d16 -mfloat-abi=hard -mthumb -o "Application/User/TouchGFX/target/generated/STM32DMA.o"
arm-none-eabi-g++ "C:/ProjectsOnC/PhasorRadio/Code/PhasorRadio1/TouchGFX/target/generated/TouchGFXConfiguration.cpp" -mcpu=cortex-m7 -std=gnu++14 -g -DUSE_HAL_DRIVER -DARM_MATH_CM7 -DUSE_BPP=24 -DDEBUG -DSTM32H735xx -c -I../../Core/Inc -I../../TouchGFX/App -I../../TouchGFX/target/generated -I../../TouchGFX/target -I../../Drivers/STM32H7xx_HAL_Driver/Inc -I../../Drivers/STM32H7xx_HAL_Driver/Inc/Legacy -I../../Middlewares/Third_Party/FreeRTOS/Source/include -I../../Middlewares/Third_Party/FreeRTOS/Source/CMSIS_RTOS_V2 -I../../Middlewares/Third_Party/FreeRTOS/Source/portable/GCC/ARM_CM4F -I../../Drivers/CMSIS/Device/ST/STM32H7xx/Include -I../../Drivers/CMSIS/Include -I../../Drivers/BSP/Components/Common -I../../Drivers/BSP/STM32H735G-DK -I../../Middlewares/ST/touchgfx/framework/include -I../../TouchGFX/generated/fonts/include -I../../TouchGFX/generated/gui_generated/include -I../../TouchGFX/generated/images/include -I../../TouchGFX/generated/texts/include -I../../TouchGFX/gui/include -I../../TouchGFX/generated/videos/include -O0 -ffunction-sections -fdata-sections -fno-exceptions -fno-rtti -fno-use-cxa-atexit -Wall -femit-class-debug-always -fstack-usage -fcyclomatic-complexity -MMD -MP -MF"Application/User/TouchGFX/target/generated/TouchGFXConfiguration.d" -MT"Application/User/TouchGFX/target/generated/TouchGFXConfiguration.o" --specs=nano.specs -mfpu=fpv5-d16 -mfloat-abi=hard -mthumb -o "Application/User/TouchGFX/target/generated/TouchGFXConfiguration.o"
arm-none-eabi-g++ "C:/ProjectsOnC/PhasorRadio/Code/PhasorRadio1/TouchGFX/target/generated/TouchGFXGeneratedHAL.cpp" -mcpu=cortex-m7 -std=gnu++14 -g -DUSE_HAL_DRIVER -DARM_MATH_CM7 -DUSE_BPP=24 -DDEBUG -DSTM32H735xx -c -I../../Core/Inc -I../../TouchGFX/App -I../../TouchGFX/target/generated -I../../TouchGFX/target -I../../Drivers/STM32H7xx_HAL_Driver/Inc -I../../Drivers/STM32H7xx_HAL_Driver/Inc/Legacy -I../../Middlewares/Third_Party/FreeRTOS/Source/include -I../../Middlewares/Third_Party/FreeRTOS/Source/CMSIS_RTOS_V2 -I../../Middlewares/Third_Party/FreeRTOS/Source/portable/GCC/ARM_CM4F -I../../Drivers/CMSIS/Device/ST/STM32H7xx/Include -I../../Drivers/CMSIS/Include -I../../Drivers/BSP/Components/Common -I../../Drivers/BSP/STM32H735G-DK -I../../Middlewares/ST/touchgfx/framework/include -I../../TouchGFX/generated/fonts/include -I../../TouchGFX/generated/gui_generated/include -I../../TouchGFX/generated/images/include -I../../TouchGFX/generated/texts/include -I../../TouchGFX/gui/include -I../../TouchGFX/generated/videos/include -O0 -ffunction-sections -fdata-sections -fno-exceptions -fno-rtti -fno-use-cxa-atexit -Wall -femit-class-debug-always -fstack-usage -fcyclomatic-complexity -MMD -MP -MF"Application/User/TouchGFX/target/generated/TouchGFXGeneratedHAL.d" -MT"Application/User/TouchGFX/target/generated/TouchGFXGeneratedHAL.o" --specs=nano.specs -mfpu=fpv5-d16 -mfloat-abi=hard -mthumb -o "Application/User/TouchGFX/target/generated/TouchGFXGeneratedHAL.o"
arm-none-eabi-g++ "C:/ProjectsOnC/PhasorRadio/Code/PhasorRadio1/TouchGFX/target/STM32TouchController.cpp" -mcpu=cortex-m7 -std=gnu++14 -g -DUSE_HAL_DRIVER -DARM_MATH_CM7 -DUSE_BPP=24 -DDEBUG -DSTM32H735xx -c -I../../Core/Inc -I../../TouchGFX/App -I../../TouchGFX/target/generated -I../../TouchGFX/target -I../../Drivers/STM32H7xx_HAL_Driver/Inc -I../../Drivers/STM32H7xx_HAL_Driver/Inc/Legacy -I../../Middlewares/Third_Party/FreeRTOS/Source/include -I../../Middlewares/Third_Party/FreeRTOS/Source/CMSIS_RTOS_V2 -I../../Middlewares/Third_Party/FreeRTOS/Source/portable/GCC/ARM_CM4F -I../../Drivers/CMSIS/Device/ST/STM32H7xx/Include -I../../Drivers/CMSIS/Include -I../../Drivers/BSP/Components/Common -I../../Drivers/BSP/STM32H735G-DK -I../../Middlewares/ST/touchgfx/framework/include -I../../TouchGFX/generated/fonts/include -I../../TouchGFX/generated/gui_generated/include -I../../TouchGFX/generated/images/include -I../../TouchGFX/generated/texts/include -I../../TouchGFX/gui/include -I../../TouchGFX/generated/videos/include -O0 -ffunction-sections -fdata-sections -fno-exceptions -fno-rtti -fno-use-cxa-atexit -Wall -femit-class-debug-always -fstack-usage -fcyclomatic-complexity -MMD -MP -MF"Application/User/TouchGFX/target/STM32TouchController.d" -MT"Application/User/TouchGFX/target/STM32TouchController.o" --specs=nano.specs -mfpu=fpv5-d16 -mfloat-abi=hard -mthumb -o "Application/User/TouchGFX/target/STM32TouchController.o"
arm-none-eabi-g++ "C:/ProjectsOnC/PhasorRadio/Code/PhasorRadio1/TouchGFX/target/TouchGFXGPIO.cpp" -mcpu=cortex-m7 -std=gnu++14 -g -DUSE_HAL_DRIVER -DARM_MATH_CM7 -DUSE_BPP=24 -DDEBUG -DSTM32H735xx -c -I../../Core/Inc -I../../TouchGFX/App -I../../TouchGFX/target/generated -I../../TouchGFX/target -I../../Drivers/STM32H7xx_HAL_Driver/Inc -I../../Drivers/STM32H7xx_HAL_Driver/Inc/Legacy -I../../Middlewares/Third_Party/FreeRTOS/Source/include -I../../Middlewares/Third_Party/FreeRTOS/Source/CMSIS_RTOS_V2 -I../../Middlewares/Third_Party/FreeRTOS/Source/portable/GCC/ARM_CM4F -I../../Drivers/CMSIS/Device/ST/STM32H7xx/Include -I../../Drivers/CMSIS/Include -I../../Drivers/BSP/Components/Common -I../../Drivers/BSP/STM32H735G-DK -I../../Middlewares/ST/touchgfx/framework/include -I../../TouchGFX/generated/fonts/include -I../../TouchGFX/generated/gui_generated/include -I../../TouchGFX/generated/images/include -I../../TouchGFX/generated/texts/include -I../../TouchGFX/gui/include -I../../TouchGFX/generated/videos/include -O0 -ffunction-sections -fdata-sections -fno-exceptions -fno-rtti -fno-use-cxa-atexit -Wall -femit-class-debug-always -fstack-usage -fcyclomatic-complexity -MMD -MP -MF"Application/User/TouchGFX/target/TouchGFXGPIO.d" -MT"Application/User/TouchGFX/target/TouchGFXGPIO.o" --specs=nano.specs -mfpu=fpv5-d16 -mfloat-abi=hard -mthumb -o "Application/User/TouchGFX/target/TouchGFXGPIO.o"
arm-none-eabi-g++ "C:/ProjectsOnC/PhasorRadio/Code/PhasorRadio1/TouchGFX/target/TouchGFXHAL.cpp" -mcpu=cortex-m7 -std=gnu++14 -g -DUSE_HAL_DRIVER -DARM_MATH_CM7 -DUSE_BPP=24 -DDEBUG -DSTM32H735xx -c -I../../Core/Inc -I../../TouchGFX/App -I../../TouchGFX/target/generated -I../../TouchGFX/target -I../../Drivers/STM32H7xx_HAL_Driver/Inc -I../../Drivers/STM32H7xx_HAL_Driver/Inc/Legacy -I../../Middlewares/Third_Party/FreeRTOS/Source/include -I../../Middlewares/Third_Party/FreeRTOS/Source/CMSIS_RTOS_V2 -I../../Middlewares/Third_Party/FreeRTOS/Source/portable/GCC/ARM_CM4F -I../../Drivers/CMSIS/Device/ST/STM32H7xx/Include -I../../Drivers/CMSIS/Include -I../../Drivers/BSP/Components/Common -I../../Drivers/BSP/STM32H735G-DK -I../../Middlewares/ST/touchgfx/framework/include -I../../TouchGFX/generated/fonts/include -I../../TouchGFX/generated/gui_generated/include -I../../TouchGFX/generated/images/include -I../../TouchGFX/generated/texts/include -I../../TouchGFX/gui/include -I../../TouchGFX/generated/videos/include -O0 -ffunction-sections -fdata-sections -fno-exceptions -fno-rtti -fno-use-cxa-atexit -Wall -femit-class-debug-always -fstack-usage -fcyclomatic-complexity -MMD -MP -MF"Application/User/TouchGFX/target/TouchGFXHAL.d" -MT"Application/User/TouchGFX/target/TouchGFXHAL.o" --specs=nano.specs -mfpu=fpv5-d16 -mfloat-abi=hard -mthumb -o "Application/User/TouchGFX/target/TouchGFXHAL.o"
arm-none-eabi-gcc "C:/ProjectsOnC/PhasorRadio/Code/PhasorRadio1/Core/Src/freertos.c" -mcpu=cortex-m7 -std=gnu11 -g -DUSE_HAL_DRIVER -DARM_MATH_CM7 -DUSE_BPP=24 -DDEBUG -DSTM32H735xx -c -I"C:/ProjectsOnC/PhasorRadio/Code/PhasorRadio1/STM32CubeIDE/Drivers/CMSIS/DSP/Include" -I../../Core/Inc -I"C:/ProjectsOnC/PhasorRadio/Code/PhasorRadio1/STM32CubeIDE/SI5351" -I../../TouchGFX/App -I../../TouchGFX/target/generated -I../../TouchGFX/target -I../../Drivers/STM32H7xx_HAL_Driver/Inc -I../../Drivers/STM32H7xx_HAL_Driver/Inc/Legacy -I../../Middlewares/Third_Party/FreeRTOS/Source/include -I../../Middlewares/Third_Party/FreeRTOS/Source/CMSIS_RTOS_V2 -I../../Middlewares/Third_Party/FreeRTOS/Source/portable/GCC/ARM_CM4F -I../../Drivers/CMSIS/Device/ST/STM32H7xx/Include -I../../Drivers/CMSIS/Include -I../../Drivers/BSP/Components/Common -I../../Drivers/BSP/STM32H735G-DK -I../../Middlewares/ST/touchgfx/framework/include -I../../TouchGFX/generated/fonts/include -I../../TouchGFX/generated/gui_generated/include -I../../TouchGFX/generated/images/include -I../../TouchGFX/generated/texts/include -I../../TouchGFX/gui/include -I../../TouchGFX/generated/videos/include -O0 -ffunction-sections -fdata-sections -Wall -fstack-usage -fcyclomatic-complexity -MMD -MP -MF"Application/User/Core/freertos.d" -MT"Application/User/Core/freertos.o" --specs=nano.specs -mfpu=fpv5-d16 -mfloat-abi=hard -mthumb -o "Application/User/Core/freertos.o"
arm-none-eabi-gcc "C:/ProjectsOnC/PhasorRadio/Code/PhasorRadio1/Core/Src/main.c" -mcpu=cortex-m7 -std=gnu11 -g -DUSE_HAL_DRIVER -DARM_MATH_CM7 -DUSE_BPP=24 -DDEBUG -DSTM32H735xx -c -I"C:/ProjectsOnC/PhasorRadio/Code/PhasorRadio1/STM32CubeIDE/Drivers/CMSIS/DSP/Include" -I../../Core/Inc -I"C:/ProjectsOnC/PhasorRadio/Code/PhasorRadio1/STM32CubeIDE/SI5351" -I../../TouchGFX/App -I../../TouchGFX/target/generated -I../../TouchGFX/target -I../../Drivers/STM32H7xx_HAL_Driver/Inc -I../../Drivers/STM32H7xx_HAL_Driver/Inc/Legacy -I../../Middlewares/Third_Party/FreeRTOS/Source/include -I../../Middlewares/Third_Party/FreeRTOS/Source/CMSIS_RTOS_V2 -I../../Middlewares/Third_Party/FreeRTOS/Source/portable/GCC/ARM_CM4F -I../../Drivers/CMSIS/Device/ST/STM32H7xx/Include -I../../Drivers/CMSIS/Include -I../../Drivers/BSP/Components/Common -I../../Drivers/BSP/STM32H735G-DK -I../../Middlewares/ST/touchgfx/framework/include -I../../TouchGFX/generated/fonts/include -I../../TouchGFX/generated/gui_generated/include -I../../TouchGFX/generated/images/include -I../../TouchGFX/generated/texts/include -I../../TouchGFX/gui/include -I../../TouchGFX/generated/videos/include -O0 -ffunction-sections -fdata-sections -Wall -fstack-usage -fcyclomatic-complexity -MMD -MP -MF"Application/User/Core/main.d" -MT"Application/User/Core/main.o" --specs=nano.specs -mfpu=fpv5-d16 -mfloat-abi=hard -mthumb -o "Application/User/Core/main.o"
arm-none-eabi-gcc "../Application/User/Core/si5351.c" -mcpu=cortex-m7 -std=gnu11 -g -DUSE_HAL_DRIVER -DARM_MATH_CM7 -DUSE_BPP=24 -DDEBUG -DSTM32H735xx -c -I"C:/ProjectsOnC/PhasorRadio/Code/PhasorRadio1/STM32CubeIDE/Drivers/CMSIS/DSP/Include" -I../../Core/Inc -I"C:/ProjectsOnC/PhasorRadio/Code/PhasorRadio1/STM32CubeIDE/SI5351" -I../../TouchGFX/App -I../../TouchGFX/target/generated -I../../TouchGFX/target -I../../Drivers/STM32H7xx_HAL_Driver/Inc -I../../Drivers/STM32H7xx_HAL_Driver/Inc/Legacy -I../../Middlewares/Third_Party/FreeRTOS/Source/include -I../../Middlewares/Third_Party/FreeRTOS/Source/CMSIS_RTOS_V2 -I../../Middlewares/Third_Party/FreeRTOS/Source/portable/GCC/ARM_CM4F -I../../Drivers/CMSIS/Device/ST/STM32H7xx/Include -I../../Drivers/CMSIS/Include -I../../Drivers/BSP/Components/Common -I../../Drivers/BSP/STM32H735G-DK -I../../Middlewares/ST/touchgfx/framework/include -I../../TouchGFX/generated/fonts/include -I../../TouchGFX/generated/gui_generated/include -I../../TouchGFX/generated/images/include -I../../TouchGFX/generated/texts/include -I../../TouchGFX/gui/include -I../../TouchGFX/generated/videos/include -O0 -ffunction-sections -fdata-sections -Wall -fstack-usage -fcyclomatic-complexity -MMD -MP -MF"Application/User/Core/si5351.d" -MT"Application/User/Core/si5351.o" --specs=nano.specs -mfpu=fpv5-d16 -mfloat-abi=hard -mthumb -o "Application/User/Core/si5351.o"
arm-none-eabi-gcc "C:/ProjectsOnC/PhasorRadio/Code/PhasorRadio1/Core/Src/stm32h7xx_hal_msp.c" -mcpu=cortex-m7 -std=gnu11 -g -DUSE_HAL_DRIVER -DARM_MATH_CM7 -DUSE_BPP=24 -DDEBUG -DSTM32H735xx -c -I"C:/ProjectsOnC/PhasorRadio/Code/PhasorRadio1/STM32CubeIDE/Drivers/CMSIS/DSP/Include" -I../../Core/Inc -I"C:/ProjectsOnC/PhasorRadio/Code/PhasorRadio1/STM32CubeIDE/SI5351" -I../../TouchGFX/App -I../../TouchGFX/target/generated -I../../TouchGFX/target -I../../Drivers/STM32H7xx_HAL_Driver/Inc -I../../Drivers/STM32H7xx_HAL_Driver/Inc/Legacy -I../../Middlewares/Third_Party/FreeRTOS/Source/include -I../../Middlewares/Third_Party/FreeRTOS/Source/CMSIS_RTOS_V2 -I../../Middlewares/Third_Party/FreeRTOS/Source/portable/GCC/ARM_CM4F -I../../Drivers/CMSIS/Device/ST/STM32H7xx/Include -I../../Drivers/CMSIS/Include -I../../Drivers/BSP/Components/Common -I../../Drivers/BSP/STM32H735G-DK -I../../Middlewares/ST/touchgfx/framework/include -I../../TouchGFX/generated/fonts/include -I../../TouchGFX/generated/gui_generated/include -I../../TouchGFX/generated/images/include -I../../TouchGFX/generated/texts/include -I../../TouchGFX/gui/include -I../../TouchGFX/generated/videos/include -O0 -ffunction-sections -fdata-sections -Wall -fstack-usage -fcyclomatic-complexity -MMD -MP -MF"Application/User/Core/stm32h7xx_hal_msp.d" -MT"Application/User/Core/stm32h7xx_hal_msp.o" --specs=nano.specs -mfpu=fpv5-d16 -mfloat-abi=hard -mthumb -o "Application/User/Core/stm32h7xx_hal_msp.o"
arm-none-eabi-gcc "C:/ProjectsOnC/PhasorRadio/Code/PhasorRadio1/Core/Src/stm32h7xx_hal_timebase_tim.c" -mcpu=cortex-m7 -std=gnu11 -g -DUSE_HAL_DRIVER -DARM_MATH_CM7 -DUSE_BPP=24 -DDEBUG -DSTM32H735xx -c -I"C:/ProjectsOnC/PhasorRadio/Code/PhasorRadio1/STM32CubeIDE/Drivers/CMSIS/DSP/Include" -I../../Core/Inc -I"C:/ProjectsOnC/PhasorRadio/Code/PhasorRadio1/STM32CubeIDE/SI5351" -I../../TouchGFX/App -I../../TouchGFX/target/generated -I../../TouchGFX/target -I../../Drivers/STM32H7xx_HAL_Driver/Inc -I../../Drivers/STM32H7xx_HAL_Driver/Inc/Legacy -I../../Middlewares/Third_Party/FreeRTOS/Source/include -I../../Middlewares/Third_Party/FreeRTOS/Source/CMSIS_RTOS_V2 -I../../Middlewares/Third_Party/FreeRTOS/Source/portable/GCC/ARM_CM4F -I../../Drivers/CMSIS/Device/ST/STM32H7xx/Include -I../../Drivers/CMSIS/Include -I../../Drivers/BSP/Components/Common -I../../Drivers/BSP/STM32H735G-DK -I../../Middlewares/ST/touchgfx/framework/include -I../../TouchGFX/generated/fonts/include -I../../TouchGFX/generated/gui_generated/include -I../../TouchGFX/generated/images/include -I../../TouchGFX/generated/texts/include -I../../TouchGFX/gui/include -I../../TouchGFX/generated/videos/include -O0 -ffunction-sections -fdata-sections -Wall -fstack-usage -fcyclomatic-complexity -MMD -MP -MF"Application/User/Core/stm32h7xx_hal_timebase_tim.d" -MT"Application/User/Core/stm32h7xx_hal_timebase_tim.o" --specs=nano.specs -mfpu=fpv5-d16 -mfloat-abi=hard -mthumb -o "Application/User/Core/stm32h7xx_hal_timebase_tim.o"
arm-none-eabi-gcc "C:/ProjectsOnC/PhasorRadio/Code/PhasorRadio1/Core/Src/stm32h7xx_it.c" -mcpu=cortex-m7 -std=gnu11 -g -DUSE_HAL_DRIVER -DARM_MATH_CM7 -DUSE_BPP=24 -DDEBUG -DSTM32H735xx -c -I"C:/ProjectsOnC/PhasorRadio/Code/PhasorRadio1/STM32CubeIDE/Drivers/CMSIS/DSP/Include" -I../../Core/Inc -I"C:/ProjectsOnC/PhasorRadio/Code/PhasorRadio1/STM32CubeIDE/SI5351" -I../../TouchGFX/App -I../../TouchGFX/target/generated -I../../TouchGFX/target -I../../Drivers/STM32H7xx_HAL_Driver/Inc -I../../Drivers/STM32H7xx_HAL_Driver/Inc/Legacy -I../../Middlewares/Third_Party/FreeRTOS/Source/include -I../../Middlewares/Third_Party/FreeRTOS/Source/CMSIS_RTOS_V2 -I../../Middlewares/Third_Party/FreeRTOS/Source/portable/GCC/ARM_CM4F -I../../Drivers/CMSIS/Device/ST/STM32H7xx/Include -I../../Drivers/CMSIS/Include -I../../Drivers/BSP/Components/Common -I../../Drivers/BSP/STM32H735G-DK -I../../Middlewares/ST/touchgfx/framework/include -I../../TouchGFX/generated/fonts/include -I../../TouchGFX/generated/gui_generated/include -I../../TouchGFX/generated/images/include -I../../TouchGFX/generated/texts/include -I../../TouchGFX/gui/include -I../../TouchGFX/generated/videos/include -O0 -ffunction-sections -fdata-sections -Wall -fstack-usage -fcyclomatic-complexity -MMD -MP -MF"Application/User/Core/stm32h7xx_it.d" -MT"Application/User/Core/stm32h7xx_it.o" --specs=nano.specs -mfpu=fpv5-d16 -mfloat-abi=hard -mthumb -o "Application/User/Core/stm32h7xx_it.o"
arm-none-eabi-g++ -o "STM32H735G-DK.elf" @"objects.list"  -l:libtouchgfx-float-abi-hard.a -larm_cortexM7lfdp_math -mcpu=cortex-m7 -T"C:\ProjectsOnC\PhasorRadio\Code\PhasorRadio1\STM32CubeIDE\STM32H735IGKX_FLASH.ld" --specs=nosys.specs -Wl,-Map="STM32H735G-DK.map" -Wl,--gc-sections -static -L"C:\ProjectsOnC\PhasorRadio\Code\PhasorRadio1\STM32CubeIDE\Drivers\CMSIS\Lib\GCC" -L../../Middlewares/ST/touchgfx/lib/core/cortex_m7/gcc -Wl,-Map=STM32H735G-DK.map --specs=nano.specs -mfpu=fpv5-d16 -mfloat-abi=hard -mthumb -Wl,--start-group -lc -lm -lstdc++ -lsupc++ -Wl,--end-group
C:/ST/STM32CubeIDE_1.15.0/STM32CubeIDE/plugins/com.st.stm32cube.ide.mcu.externaltools.gnu-tools-for-stm32.12.3.rel1.win32_1.1.0.202410251130/tools/bin/../lib/gcc/arm-none-eabi/12.3.1/../../../../arm-none-eabi/bin/ld.exe: warning: STM32H735G-DK.elf has a LOAD segment with RWX permissions
Finished building target: STM32H735G-DK.elf
 
arm-none-eabi-size  STM32H735G-DK.elf 
arm-none-eabi-objdump -h -S STM32H735G-DK.elf  > "STM32H735G-DK.list"
arm-none-eabi-objcopy  -O ihex STM32H735G-DK.elf  "STM32H735G-DK.hex"
   text	   data	    bss	    dec	    hex	filename
 649494	    344	1427172	2077010	 1fb152	STM32H735G-DK.elf
Finished building: default.size.stdout
 
Finished building: STM32H735G-DK.hex
 
Finished building: STM32H735G-DK.list
 

09:43:56 Build Finished. 0 errors, 1 warnings. (took 3s.44ms)

