../../Drivers/CMSIS/Include/core_cm7.h:2660:26:ITM_SendChar	16	static,ignoring_inline_asm
C:/ProjectsOnC/PhasorRadio/Code/PhasorRadio1/Core/Src/main.c:221:6:stepSizeChanged	4	static
C:/ProjectsOnC/PhasorRadio/Code/PhasorRadio1/Core/Src/main.c:278:6:HAL_TIM_IC_CaptureCallback	16	static
C:/ProjectsOnC/PhasorRadio/Code/PhasorRadio1/Core/Src/main.c:342:6:sendDatatoSI5351	16	static
C:/ProjectsOnC/PhasorRadio/Code/PhasorRadio1/Core/Src/main.c:370:6:HAL_ADC_ConvCpltCallback	24	static
C:/ProjectsOnC/PhasorRadio/Code/PhasorRadio1/Core/Src/main.c:397:5:main	32	static,ignoring_inline_asm
C:/ProjectsOnC/PhasorRadio/Code/PhasorRadio1/Core/Src/main.c:577:6:SystemClock_Config	120	static
C:/ProjectsOnC/PhasorRadio/Code/PhasorRadio1/Core/Src/main.c:637:6:PeriphCommonClock_Config	192	static
C:/ProjectsOnC/PhasorRadio/Code/PhasorRadio1/Core/Src/main.c:665:13:MX_ADC1_Init	56	static
C:/ProjectsOnC/PhasorRadio/Code/PhasorRadio1/Core/Src/main.c:736:13:MX_ADC2_Init	48	static
C:/ProjectsOnC/PhasorRadio/Code/PhasorRadio1/Core/Src/main.c:794:13:MX_CRC_Init	8	static
C:/ProjectsOnC/PhasorRadio/Code/PhasorRadio1/Core/Src/main.c:825:13:MX_DMA2D_Init	8	static
C:/ProjectsOnC/PhasorRadio/Code/PhasorRadio1/Core/Src/main.c:854:13:MX_I2C3_Init	8	static
C:/ProjectsOnC/PhasorRadio/Code/PhasorRadio1/Core/Src/main.c:902:13:MX_I2C4_Init	8	static
C:/ProjectsOnC/PhasorRadio/Code/PhasorRadio1/Core/Src/main.c:950:13:MX_LTDC_Init	64	static
C:/ProjectsOnC/PhasorRadio/Code/PhasorRadio1/Core/Src/main.c:1012:13:MX_OCTOSPI1_Init	40	static
C:/ProjectsOnC/PhasorRadio/Code/PhasorRadio1/Core/Src/main.c:1076:13:MX_OCTOSPI2_Init	80	static
C:/ProjectsOnC/PhasorRadio/Code/PhasorRadio1/Core/Src/main.c:1158:13:MX_TIM1_Init	40	static
C:/ProjectsOnC/PhasorRadio/Code/PhasorRadio1/Core/Src/main.c:1205:13:MX_TIM23_Init	56	static
C:/ProjectsOnC/PhasorRadio/Code/PhasorRadio1/Core/Src/main.c:1252:13:MX_DMA_Init	16	static
C:/ProjectsOnC/PhasorRadio/Code/PhasorRadio1/Core/Src/main.c:1270:13:MX_GPIO_Init	64	static
C:/ProjectsOnC/PhasorRadio/Code/PhasorRadio1/Core/Src/main.c:1362:5:_write	32	static
C:/ProjectsOnC/PhasorRadio/Code/PhasorRadio1/Core/Src/main.c:1381:6:StartDefaultTask	16	static
C:/ProjectsOnC/PhasorRadio/Code/PhasorRadio1/Core/Src/main.c:1399:6:StartTaskToGui	24	static
C:/ProjectsOnC/PhasorRadio/Code/PhasorRadio1/Core/Src/main.c:1457:6:StartTaskFromGui	16	static
C:/ProjectsOnC/PhasorRadio/Code/PhasorRadio1/Core/Src/main.c:1534:6:StartTaskFFT	40	static
C:/ProjectsOnC/PhasorRadio/Code/PhasorRadio1/Core/Src/main.c:1638:6:MPU_Config	24	static
C:/ProjectsOnC/PhasorRadio/Code/PhasorRadio1/Core/Src/main.c:1714:6:HAL_TIM_PeriodElapsedCallback	16	static
C:/ProjectsOnC/PhasorRadio/Code/PhasorRadio1/Core/Src/main.c:1734:6:Error_Handler	4	static
