../../Drivers/CMSIS/Include/core_cm7.h:2660:26:ITM_SendChar	16	static,ignoring_inline_asm
C:/ProjectsOnC/PhasorRadio/Code/PhasorRadio1/Core/Src/main.c:277:6:stepSizeChanged	4	static
C:/ProjectsOnC/PhasorRadio/Code/PhasorRadio1/Core/Src/main.c:334:6:HAL_TIM_IC_CaptureCallback	16	static
C:/ProjectsOnC/PhasorRadio/Code/PhasorRadio1/Core/Src/main.c:397:6:sendDatatoSI5351	16	static
C:/ProjectsOnC/PhasorRadio/Code/PhasorRadio1/Core/Src/main.c:419:6:HAL_ADC_ConvCpltCallback	32	static
C:/ProjectsOnC/PhasorRadio/Code/PhasorRadio1/Core/Src/main.c:453:6:HAL_ADC_ConvHalfCpltCallback	24	static
C:/ProjectsOnC/PhasorRadio/Code/PhasorRadio1/Core/Src/main.c:471:6:SendDatatoUART	4128	static
C:/ProjectsOnC/PhasorRadio/Code/PhasorRadio1/Core/Src/main.c:512:5:main	32	static,ignoring_inline_asm
C:/ProjectsOnC/PhasorRadio/Code/PhasorRadio1/Core/Src/main.c:682:6:SystemClock_Config	120	static
C:/ProjectsOnC/PhasorRadio/Code/PhasorRadio1/Core/Src/main.c:742:6:PeriphCommonClock_Config	192	static
C:/ProjectsOnC/PhasorRadio/Code/PhasorRadio1/Core/Src/main.c:770:13:MX_ADC1_Init	56	static
C:/ProjectsOnC/PhasorRadio/Code/PhasorRadio1/Core/Src/main.c:841:13:MX_ADC2_Init	48	static
C:/ProjectsOnC/PhasorRadio/Code/PhasorRadio1/Core/Src/main.c:899:13:MX_ADC3_Init	48	static
C:/ProjectsOnC/PhasorRadio/Code/PhasorRadio1/Core/Src/main.c:962:13:MX_CRC_Init	8	static
C:/ProjectsOnC/PhasorRadio/Code/PhasorRadio1/Core/Src/main.c:993:13:MX_DAC1_Init	48	static
C:/ProjectsOnC/PhasorRadio/Code/PhasorRadio1/Core/Src/main.c:1045:13:MX_DMA2D_Init	8	static
C:/ProjectsOnC/PhasorRadio/Code/PhasorRadio1/Core/Src/main.c:1074:13:MX_I2C3_Init	8	static
C:/ProjectsOnC/PhasorRadio/Code/PhasorRadio1/Core/Src/main.c:1122:13:MX_I2C4_Init	8	static
C:/ProjectsOnC/PhasorRadio/Code/PhasorRadio1/Core/Src/main.c:1170:13:MX_LTDC_Init	64	static
C:/ProjectsOnC/PhasorRadio/Code/PhasorRadio1/Core/Src/main.c:1232:13:MX_OCTOSPI1_Init	40	static
C:/ProjectsOnC/PhasorRadio/Code/PhasorRadio1/Core/Src/main.c:1296:13:MX_OCTOSPI2_Init	80	static
C:/ProjectsOnC/PhasorRadio/Code/PhasorRadio1/Core/Src/main.c:1378:13:MX_OPAMP1_Init	8	static
C:/ProjectsOnC/PhasorRadio/Code/PhasorRadio1/Core/Src/main.c:1408:13:MX_TIM1_Init	40	static
C:/ProjectsOnC/PhasorRadio/Code/PhasorRadio1/Core/Src/main.c:1455:13:MX_TIM8_Init	40	static
C:/ProjectsOnC/PhasorRadio/Code/PhasorRadio1/Core/Src/main.c:1502:13:MX_TIM23_Init	56	static
C:/ProjectsOnC/PhasorRadio/Code/PhasorRadio1/Core/Src/main.c:1551:13:MX_UART4_Init	8	static
C:/ProjectsOnC/PhasorRadio/Code/PhasorRadio1/Core/Src/main.c:1597:13:MX_DMA_Init	16	static
C:/ProjectsOnC/PhasorRadio/Code/PhasorRadio1/Core/Src/main.c:1627:13:MX_GPIO_Init	64	static
C:/ProjectsOnC/PhasorRadio/Code/PhasorRadio1/Core/Src/main.c:1729:5:_write	32	static
C:/ProjectsOnC/PhasorRadio/Code/PhasorRadio1/Core/Src/main.c:1748:6:StartDefaultTask	16	static
C:/ProjectsOnC/PhasorRadio/Code/PhasorRadio1/Core/Src/main.c:1766:6:StartTaskToGui	24	static
C:/ProjectsOnC/PhasorRadio/Code/PhasorRadio1/Core/Src/main.c:1824:6:StartTaskFromGui	16	static
C:/ProjectsOnC/PhasorRadio/Code/PhasorRadio1/Core/Src/main.c:1907:6:StartTaskFFT	40	static
C:/ProjectsOnC/PhasorRadio/Code/PhasorRadio1/Core/Src/main.c:2012:6:MPU_Config	24	static
C:/ProjectsOnC/PhasorRadio/Code/PhasorRadio1/Core/Src/main.c:2088:6:HAL_TIM_PeriodElapsedCallback	16	static
C:/ProjectsOnC/PhasorRadio/Code/PhasorRadio1/Core/Src/main.c:2108:6:Error_Handler	4	static
