../../Drivers/CMSIS/Include/core_cm7.h:2660:26:ITM_SendChar	4
C:/ProjectsOnC/PhasorRadio/Code/PhasorRadio1/Core/Src/main.c:277:6:stepSizeChanged	16
C:/ProjectsOnC/PhasorRadio/Code/PhasorRadio1/Core/Src/main.c:334:6:HAL_TIM_IC_CaptureCallback	16
C:/ProjectsOnC/PhasorRadio/Code/PhasorRadio1/Core/Src/main.c:397:6:sendDatatoSI5351	6
C:/ProjectsOnC/PhasorRadio/Code/PhasorRadio1/Core/Src/main.c:419:6:HAL_ADC_ConvCpltCallback	7
C:/ProjectsOnC/PhasorRadio/Code/PhasorRadio1/Core/Src/main.c:453:6:HAL_ADC_ConvHalfCpltCallback	4
C:/ProjectsOnC/PhasorRadio/Code/PhasorRadio1/Core/Src/main.c:471:6:SendDatatoUART	6
C:/ProjectsOnC/PhasorRadio/Code/PhasorRadio1/Core/Src/main.c:512:5:main	6
C:/ProjectsOnC/PhasorRadio/Code/PhasorRadio1/Core/Src/main.c:682:6:SystemClock_Config	4
C:/ProjectsOnC/PhasorRadio/Code/PhasorRadio1/Core/Src/main.c:742:6:PeriphCommonClock_Config	2
C:/ProjectsOnC/PhasorRadio/Code/PhasorRadio1/Core/Src/main.c:770:13:MX_ADC1_Init	4
C:/ProjectsOnC/PhasorRadio/Code/PhasorRadio1/Core/Src/main.c:841:13:MX_ADC2_Init	3
C:/ProjectsOnC/PhasorRadio/Code/PhasorRadio1/Core/Src/main.c:899:13:MX_ADC3_Init	3
C:/ProjectsOnC/PhasorRadio/Code/PhasorRadio1/Core/Src/main.c:962:13:MX_CRC_Init	2
C:/ProjectsOnC/PhasorRadio/Code/PhasorRadio1/Core/Src/main.c:993:13:MX_DAC1_Init	4
C:/ProjectsOnC/PhasorRadio/Code/PhasorRadio1/Core/Src/main.c:1045:13:MX_DMA2D_Init	2
C:/ProjectsOnC/PhasorRadio/Code/PhasorRadio1/Core/Src/main.c:1074:13:MX_I2C3_Init	4
C:/ProjectsOnC/PhasorRadio/Code/PhasorRadio1/Core/Src/main.c:1122:13:MX_I2C4_Init	4
C:/ProjectsOnC/PhasorRadio/Code/PhasorRadio1/Core/Src/main.c:1170:13:MX_LTDC_Init	3
C:/ProjectsOnC/PhasorRadio/Code/PhasorRadio1/Core/Src/main.c:1232:13:MX_OCTOSPI1_Init	5
C:/ProjectsOnC/PhasorRadio/Code/PhasorRadio1/Core/Src/main.c:1296:13:MX_OCTOSPI2_Init	6
C:/ProjectsOnC/PhasorRadio/Code/PhasorRadio1/Core/Src/main.c:1378:13:MX_OPAMP1_Init	2
C:/ProjectsOnC/PhasorRadio/Code/PhasorRadio1/Core/Src/main.c:1408:13:MX_TIM1_Init	4
C:/ProjectsOnC/PhasorRadio/Code/PhasorRadio1/Core/Src/main.c:1455:13:MX_TIM8_Init	4
C:/ProjectsOnC/PhasorRadio/Code/PhasorRadio1/Core/Src/main.c:1502:13:MX_TIM23_Init	3
C:/ProjectsOnC/PhasorRadio/Code/PhasorRadio1/Core/Src/main.c:1551:13:MX_UART4_Init	5
C:/ProjectsOnC/PhasorRadio/Code/PhasorRadio1/Core/Src/main.c:1597:13:MX_DMA_Init	1
C:/ProjectsOnC/PhasorRadio/Code/PhasorRadio1/Core/Src/main.c:1627:13:MX_GPIO_Init	1
C:/ProjectsOnC/PhasorRadio/Code/PhasorRadio1/Core/Src/main.c:1729:5:_write	2
C:/ProjectsOnC/PhasorRadio/Code/PhasorRadio1/Core/Src/main.c:1748:6:StartDefaultTask	1
C:/ProjectsOnC/PhasorRadio/Code/PhasorRadio1/Core/Src/main.c:1766:6:StartTaskToGui	11
C:/ProjectsOnC/PhasorRadio/Code/PhasorRadio1/Core/Src/main.c:1824:6:StartTaskFromGui	11
C:/ProjectsOnC/PhasorRadio/Code/PhasorRadio1/Core/Src/main.c:1907:6:StartTaskFFT	21
C:/ProjectsOnC/PhasorRadio/Code/PhasorRadio1/Core/Src/main.c:2012:6:MPU_Config	1
C:/ProjectsOnC/PhasorRadio/Code/PhasorRadio1/Core/Src/main.c:2088:6:HAL_TIM_PeriodElapsedCallback	2
C:/ProjectsOnC/PhasorRadio/Code/PhasorRadio1/Core/Src/main.c:2108:6:Error_Handler	1
