../../Drivers/CMSIS/Include/core_cm7.h:2660:26:ITM_SendChar	16	static,ignoring_inline_asm
C:/ProjectsOnC/PhasorRadio/Code/PhasorRadio1/Core/Src/main.c:223:6:stepSizeChanged	4	static
C:/ProjectsOnC/PhasorRadio/Code/PhasorRadio1/Core/Src/main.c:280:6:HAL_TIM_IC_CaptureCallback	16	static
C:/ProjectsOnC/PhasorRadio/Code/PhasorRadio1/Core/Src/main.c:344:6:sendDatatoSI5351	16	static
C:/ProjectsOnC/PhasorRadio/Code/PhasorRadio1/Core/Src/main.c:378:6:HAL_ADC_ConvCpltCallback	24	static
C:/ProjectsOnC/PhasorRadio/Code/PhasorRadio1/Core/Src/main.c:406:5:main	32	static,ignoring_inline_asm
C:/ProjectsOnC/PhasorRadio/Code/PhasorRadio1/Core/Src/main.c:562:6:SystemClock_Config	120	static
C:/ProjectsOnC/PhasorRadio/Code/PhasorRadio1/Core/Src/main.c:622:6:PeriphCommonClock_Config	192	static
C:/ProjectsOnC/PhasorRadio/Code/PhasorRadio1/Core/Src/main.c:650:13:MX_ADC1_Init	56	static
C:/ProjectsOnC/PhasorRadio/Code/PhasorRadio1/Core/Src/main.c:721:13:MX_ADC2_Init	48	static
C:/ProjectsOnC/PhasorRadio/Code/PhasorRadio1/Core/Src/main.c:779:13:MX_ADC3_Init	48	static
C:/ProjectsOnC/PhasorRadio/Code/PhasorRadio1/Core/Src/main.c:842:13:MX_CRC_Init	8	static
C:/ProjectsOnC/PhasorRadio/Code/PhasorRadio1/Core/Src/main.c:873:13:MX_DMA2D_Init	8	static
C:/ProjectsOnC/PhasorRadio/Code/PhasorRadio1/Core/Src/main.c:902:13:MX_I2C3_Init	8	static
C:/ProjectsOnC/PhasorRadio/Code/PhasorRadio1/Core/Src/main.c:950:13:MX_I2C4_Init	8	static
C:/ProjectsOnC/PhasorRadio/Code/PhasorRadio1/Core/Src/main.c:998:13:MX_LTDC_Init	64	static
C:/ProjectsOnC/PhasorRadio/Code/PhasorRadio1/Core/Src/main.c:1060:13:MX_OCTOSPI1_Init	40	static
C:/ProjectsOnC/PhasorRadio/Code/PhasorRadio1/Core/Src/main.c:1124:13:MX_OCTOSPI2_Init	80	static
C:/ProjectsOnC/PhasorRadio/Code/PhasorRadio1/Core/Src/main.c:1206:13:MX_TIM1_Init	40	static
C:/ProjectsOnC/PhasorRadio/Code/PhasorRadio1/Core/Src/main.c:1253:13:MX_TIM23_Init	56	static
C:/ProjectsOnC/PhasorRadio/Code/PhasorRadio1/Core/Src/main.c:1300:13:MX_DMA_Init	16	static
C:/ProjectsOnC/PhasorRadio/Code/PhasorRadio1/Core/Src/main.c:1318:13:MX_GPIO_Init	64	static
C:/ProjectsOnC/PhasorRadio/Code/PhasorRadio1/Core/Src/main.c:1420:5:_write	32	static
C:/ProjectsOnC/PhasorRadio/Code/PhasorRadio1/Core/Src/main.c:1439:6:StartDefaultTask	16	static
C:/ProjectsOnC/PhasorRadio/Code/PhasorRadio1/Core/Src/main.c:1457:6:StartTaskToGui	24	static
C:/ProjectsOnC/PhasorRadio/Code/PhasorRadio1/Core/Src/main.c:1515:6:StartTaskFromGui	16	static
C:/ProjectsOnC/PhasorRadio/Code/PhasorRadio1/Core/Src/main.c:1598:6:StartTaskFFT	40	static
C:/ProjectsOnC/PhasorRadio/Code/PhasorRadio1/Core/Src/main.c:1702:6:MPU_Config	24	static
C:/ProjectsOnC/PhasorRadio/Code/PhasorRadio1/Core/Src/main.c:1778:6:HAL_TIM_PeriodElapsedCallback	16	static
C:/ProjectsOnC/PhasorRadio/Code/PhasorRadio1/Core/Src/main.c:1798:6:Error_Handler	4	static
