../../Drivers/CMSIS/Include/core_cm7.h:2660:26:ITM_SendChar	4
C:/ProjectsOnC/PhasorRadio/Code/PhasorRadio1/Core/Src/main.c:221:6:stepSizeChanged	16
C:/ProjectsOnC/PhasorRadio/Code/PhasorRadio1/Core/Src/main.c:278:6:HAL_TIM_IC_CaptureCallback	16
C:/ProjectsOnC/PhasorRadio/Code/PhasorRadio1/Core/Src/main.c:342:6:sendDatatoSI5351	6
C:/ProjectsOnC/PhasorRadio/Code/PhasorRadio1/Core/Src/main.c:370:6:HAL_ADC_ConvCpltCallback	3
C:/ProjectsOnC/PhasorRadio/Code/PhasorRadio1/Core/Src/main.c:397:5:main	6
C:/ProjectsOnC/PhasorRadio/Code/PhasorRadio1/Core/Src/main.c:577:6:SystemClock_Config	4
C:/ProjectsOnC/PhasorRadio/Code/PhasorRadio1/Core/Src/main.c:637:6:PeriphCommonClock_Config	2
C:/ProjectsOnC/PhasorRadio/Code/PhasorRadio1/Core/Src/main.c:665:13:MX_ADC1_Init	4
C:/ProjectsOnC/PhasorRadio/Code/PhasorRadio1/Core/Src/main.c:736:13:MX_ADC2_Init	3
C:/ProjectsOnC/PhasorRadio/Code/PhasorRadio1/Core/Src/main.c:794:13:MX_CRC_Init	2
C:/ProjectsOnC/PhasorRadio/Code/PhasorRadio1/Core/Src/main.c:825:13:MX_DMA2D_Init	2
C:/ProjectsOnC/PhasorRadio/Code/PhasorRadio1/Core/Src/main.c:854:13:MX_I2C3_Init	4
C:/ProjectsOnC/PhasorRadio/Code/PhasorRadio1/Core/Src/main.c:902:13:MX_I2C4_Init	4
C:/ProjectsOnC/PhasorRadio/Code/PhasorRadio1/Core/Src/main.c:950:13:MX_LTDC_Init	3
C:/ProjectsOnC/PhasorRadio/Code/PhasorRadio1/Core/Src/main.c:1012:13:MX_OCTOSPI1_Init	5
C:/ProjectsOnC/PhasorRadio/Code/PhasorRadio1/Core/Src/main.c:1076:13:MX_OCTOSPI2_Init	6
C:/ProjectsOnC/PhasorRadio/Code/PhasorRadio1/Core/Src/main.c:1158:13:MX_TIM1_Init	4
C:/ProjectsOnC/PhasorRadio/Code/PhasorRadio1/Core/Src/main.c:1205:13:MX_TIM23_Init	3
C:/ProjectsOnC/PhasorRadio/Code/PhasorRadio1/Core/Src/main.c:1252:13:MX_DMA_Init	1
C:/ProjectsOnC/PhasorRadio/Code/PhasorRadio1/Core/Src/main.c:1270:13:MX_GPIO_Init	1
C:/ProjectsOnC/PhasorRadio/Code/PhasorRadio1/Core/Src/main.c:1362:5:_write	2
C:/ProjectsOnC/PhasorRadio/Code/PhasorRadio1/Core/Src/main.c:1381:6:StartDefaultTask	1
C:/ProjectsOnC/PhasorRadio/Code/PhasorRadio1/Core/Src/main.c:1399:6:StartTaskToGui	11
C:/ProjectsOnC/PhasorRadio/Code/PhasorRadio1/Core/Src/main.c:1457:6:StartTaskFromGui	11
C:/ProjectsOnC/PhasorRadio/Code/PhasorRadio1/Core/Src/main.c:1534:6:StartTaskFFT	21
C:/ProjectsOnC/PhasorRadio/Code/PhasorRadio1/Core/Src/main.c:1638:6:MPU_Config	1
C:/ProjectsOnC/PhasorRadio/Code/PhasorRadio1/Core/Src/main.c:1714:6:HAL_TIM_PeriodElapsedCallback	2
C:/ProjectsOnC/PhasorRadio/Code/PhasorRadio1/Core/Src/main.c:1734:6:Error_Handler	1
