../../Drivers/CMSIS/Include/core_cm7.h:2660:26:ITM_SendChar	16	static,ignoring_inline_asm
C:/Users/fabadmin/PhasorRadio/Code/PhasorRadio1/Core/Src/main.c:277:6:stepSizeChanged	4	static
C:/Users/fabadmin/PhasorRadio/Code/PhasorRadio1/Core/Src/main.c:334:6:HAL_TIM_IC_CaptureCallback	16	static
C:/Users/fabadmin/PhasorRadio/Code/PhasorRadio1/Core/Src/main.c:397:6:sendDatatoSI5351	16	static
C:/Users/fabadmin/PhasorRadio/Code/PhasorRadio1/Core/Src/main.c:419:6:HAL_ADC_ConvCpltCallback	32	static
C:/Users/fabadmin/PhasorRadio/Code/PhasorRadio1/Core/Src/main.c:453:6:HAL_ADC_ConvHalfCpltCallback	24	static
C:/Users/fabadmin/PhasorRadio/Code/PhasorRadio1/Core/Src/main.c:471:6:SendDatatoUART	4128	static
C:/Users/fabadmin/PhasorRadio/Code/PhasorRadio1/Core/Src/main.c:511:5:main	32	static,ignoring_inline_asm
C:/Users/fabadmin/PhasorRadio/Code/PhasorRadio1/Core/Src/main.c:681:6:SystemClock_Config	120	static
C:/Users/fabadmin/PhasorRadio/Code/PhasorRadio1/Core/Src/main.c:741:6:PeriphCommonClock_Config	192	static
C:/Users/fabadmin/PhasorRadio/Code/PhasorRadio1/Core/Src/main.c:769:13:MX_ADC1_Init	56	static
C:/Users/fabadmin/PhasorRadio/Code/PhasorRadio1/Core/Src/main.c:840:13:MX_ADC2_Init	48	static
C:/Users/fabadmin/PhasorRadio/Code/PhasorRadio1/Core/Src/main.c:898:13:MX_ADC3_Init	48	static
C:/Users/fabadmin/PhasorRadio/Code/PhasorRadio1/Core/Src/main.c:961:13:MX_CRC_Init	8	static
C:/Users/fabadmin/PhasorRadio/Code/PhasorRadio1/Core/Src/main.c:992:13:MX_DAC1_Init	48	static
C:/Users/fabadmin/PhasorRadio/Code/PhasorRadio1/Core/Src/main.c:1044:13:MX_DMA2D_Init	8	static
C:/Users/fabadmin/PhasorRadio/Code/PhasorRadio1/Core/Src/main.c:1073:13:MX_I2C3_Init	8	static
C:/Users/fabadmin/PhasorRadio/Code/PhasorRadio1/Core/Src/main.c:1121:13:MX_I2C4_Init	8	static
C:/Users/fabadmin/PhasorRadio/Code/PhasorRadio1/Core/Src/main.c:1169:13:MX_LTDC_Init	64	static
C:/Users/fabadmin/PhasorRadio/Code/PhasorRadio1/Core/Src/main.c:1231:13:MX_OCTOSPI1_Init	40	static
C:/Users/fabadmin/PhasorRadio/Code/PhasorRadio1/Core/Src/main.c:1295:13:MX_OCTOSPI2_Init	80	static
C:/Users/fabadmin/PhasorRadio/Code/PhasorRadio1/Core/Src/main.c:1377:13:MX_OPAMP1_Init	8	static
C:/Users/fabadmin/PhasorRadio/Code/PhasorRadio1/Core/Src/main.c:1407:13:MX_TIM1_Init	40	static
C:/Users/fabadmin/PhasorRadio/Code/PhasorRadio1/Core/Src/main.c:1454:13:MX_TIM8_Init	40	static
C:/Users/fabadmin/PhasorRadio/Code/PhasorRadio1/Core/Src/main.c:1501:13:MX_TIM23_Init	56	static
C:/Users/fabadmin/PhasorRadio/Code/PhasorRadio1/Core/Src/main.c:1550:13:MX_UART4_Init	8	static
C:/Users/fabadmin/PhasorRadio/Code/PhasorRadio1/Core/Src/main.c:1596:13:MX_DMA_Init	16	static
C:/Users/fabadmin/PhasorRadio/Code/PhasorRadio1/Core/Src/main.c:1626:13:MX_GPIO_Init	64	static
C:/Users/fabadmin/PhasorRadio/Code/PhasorRadio1/Core/Src/main.c:1728:5:_write	32	static
C:/Users/fabadmin/PhasorRadio/Code/PhasorRadio1/Core/Src/main.c:1747:6:StartDefaultTask	16	static
C:/Users/fabadmin/PhasorRadio/Code/PhasorRadio1/Core/Src/main.c:1765:6:StartTaskToGui	24	static
C:/Users/fabadmin/PhasorRadio/Code/PhasorRadio1/Core/Src/main.c:1823:6:StartTaskFromGui	16	static
C:/Users/fabadmin/PhasorRadio/Code/PhasorRadio1/Core/Src/main.c:1906:6:StartTaskFFT	40	static
C:/Users/fabadmin/PhasorRadio/Code/PhasorRadio1/Core/Src/main.c:2011:6:MPU_Config	24	static
C:/Users/fabadmin/PhasorRadio/Code/PhasorRadio1/Core/Src/main.c:2087:6:HAL_TIM_PeriodElapsedCallback	16	static
C:/Users/fabadmin/PhasorRadio/Code/PhasorRadio1/Core/Src/main.c:2107:6:Error_Handler	4	static
