../../Drivers/CMSIS/Include/core_cm7.h:2660:26:ITM_SendChar	16	static,ignoring_inline_asm
C:/ProjectsOnC/PhasorRadio/Code/PhasorRadio1/Core/Src/main.c:239:6:stepSizeChanged	4	static
C:/ProjectsOnC/PhasorRadio/Code/PhasorRadio1/Core/Src/main.c:296:6:HAL_TIM_IC_CaptureCallback	16	static
C:/ProjectsOnC/PhasorRadio/Code/PhasorRadio1/Core/Src/main.c:358:6:sendDatatoSI5351	16	static
C:/ProjectsOnC/PhasorRadio/Code/PhasorRadio1/Core/Src/main.c:385:6:HAL_ADC_ConvCpltCallback	24	static
C:/ProjectsOnC/PhasorRadio/Code/PhasorRadio1/Core/Src/main.c:412:5:main	32	static,ignoring_inline_asm
C:/ProjectsOnC/PhasorRadio/Code/PhasorRadio1/Core/Src/main.c:600:6:SystemClock_Config	120	static
C:/ProjectsOnC/PhasorRadio/Code/PhasorRadio1/Core/Src/main.c:660:6:PeriphCommonClock_Config	192	static
C:/ProjectsOnC/PhasorRadio/Code/PhasorRadio1/Core/Src/main.c:688:13:MX_ADC1_Init	56	static
C:/ProjectsOnC/PhasorRadio/Code/PhasorRadio1/Core/Src/main.c:758:13:MX_ADC2_Init	48	static
C:/ProjectsOnC/PhasorRadio/Code/PhasorRadio1/Core/Src/main.c:815:13:MX_CRC_Init	8	static
C:/ProjectsOnC/PhasorRadio/Code/PhasorRadio1/Core/Src/main.c:846:13:MX_DMA2D_Init	8	static
C:/ProjectsOnC/PhasorRadio/Code/PhasorRadio1/Core/Src/main.c:875:13:MX_I2C4_Init	8	static
C:/ProjectsOnC/PhasorRadio/Code/PhasorRadio1/Core/Src/main.c:923:13:MX_LTDC_Init	64	static
C:/ProjectsOnC/PhasorRadio/Code/PhasorRadio1/Core/Src/main.c:985:13:MX_OCTOSPI1_Init	40	static
C:/ProjectsOnC/PhasorRadio/Code/PhasorRadio1/Core/Src/main.c:1049:13:MX_OCTOSPI2_Init	80	static
C:/ProjectsOnC/PhasorRadio/Code/PhasorRadio1/Core/Src/main.c:1131:13:MX_TIM1_Init	40	static
C:/ProjectsOnC/PhasorRadio/Code/PhasorRadio1/Core/Src/main.c:1178:13:MX_TIM23_Init	56	static
C:/ProjectsOnC/PhasorRadio/Code/PhasorRadio1/Core/Src/main.c:1225:13:MX_DMA_Init	16	static
C:/ProjectsOnC/PhasorRadio/Code/PhasorRadio1/Core/Src/main.c:1246:13:MX_GPIO_Init	64	static
C:/ProjectsOnC/PhasorRadio/Code/PhasorRadio1/Core/Src/main.c:1324:5:_write	32	static
C:/ProjectsOnC/PhasorRadio/Code/PhasorRadio1/Core/Src/main.c:1343:6:StartDefaultTask	16	static
C:/ProjectsOnC/PhasorRadio/Code/PhasorRadio1/Core/Src/main.c:1361:6:StartTaskToGui	16	static
C:/ProjectsOnC/PhasorRadio/Code/PhasorRadio1/Core/Src/main.c:1407:6:StartTaskFromGui	16	static
C:/ProjectsOnC/PhasorRadio/Code/PhasorRadio1/Core/Src/main.c:1484:6:StartTaskSI5351	16	static
C:/ProjectsOnC/PhasorRadio/Code/PhasorRadio1/Core/Src/main.c:1514:6:StartTaskFFT	40	static
C:/ProjectsOnC/PhasorRadio/Code/PhasorRadio1/Core/Src/main.c:1629:6:myTimerCallbackA	16	static
C:/ProjectsOnC/PhasorRadio/Code/PhasorRadio1/Core/Src/main.c:1640:6:myTimerCallbackB	16	static
C:/ProjectsOnC/PhasorRadio/Code/PhasorRadio1/Core/Src/main.c:1650:6:MPU_Config	24	static
C:/ProjectsOnC/PhasorRadio/Code/PhasorRadio1/Core/Src/main.c:1726:6:HAL_TIM_PeriodElapsedCallback	16	static
C:/ProjectsOnC/PhasorRadio/Code/PhasorRadio1/Core/Src/main.c:1746:6:Error_Handler	4	static
