../../Drivers/CMSIS/Include/core_cm7.h:2660:26:ITM_SendChar	16	static,ignoring_inline_asm
C:/ProjectsOnC/PhasorRadio/Code/PhasorRadio1/Core/Src/main.c:220:6:stepSizeChanged	4	static
C:/ProjectsOnC/PhasorRadio/Code/PhasorRadio1/Core/Src/main.c:277:6:HAL_TIM_IC_CaptureCallback	16	static
C:/ProjectsOnC/PhasorRadio/Code/PhasorRadio1/Core/Src/main.c:339:6:sendDatatoSI5351	16	static
C:/ProjectsOnC/PhasorRadio/Code/PhasorRadio1/Core/Src/main.c:368:6:HAL_ADC_ConvCpltCallback	24	static
C:/ProjectsOnC/PhasorRadio/Code/PhasorRadio1/Core/Src/main.c:395:5:main	32	static,ignoring_inline_asm
C:/ProjectsOnC/PhasorRadio/Code/PhasorRadio1/Core/Src/main.c:586:6:SystemClock_Config	120	static
C:/ProjectsOnC/PhasorRadio/Code/PhasorRadio1/Core/Src/main.c:649:6:PeriphCommonClock_Config	192	static
C:/ProjectsOnC/PhasorRadio/Code/PhasorRadio1/Core/Src/main.c:678:13:MX_ADC1_Init	56	static
C:/ProjectsOnC/PhasorRadio/Code/PhasorRadio1/Core/Src/main.c:750:13:MX_ADC2_Init	48	static
C:/ProjectsOnC/PhasorRadio/Code/PhasorRadio1/Core/Src/main.c:808:13:MX_CRC_Init	8	static
C:/ProjectsOnC/PhasorRadio/Code/PhasorRadio1/Core/Src/main.c:839:13:MX_DMA2D_Init	8	static
C:/ProjectsOnC/PhasorRadio/Code/PhasorRadio1/Core/Src/main.c:868:13:MX_I2C4_Init	8	static
C:/ProjectsOnC/PhasorRadio/Code/PhasorRadio1/Core/Src/main.c:916:13:MX_LTDC_Init	64	static
C:/ProjectsOnC/PhasorRadio/Code/PhasorRadio1/Core/Src/main.c:979:13:MX_OCTOSPI1_Init	40	static
C:/ProjectsOnC/PhasorRadio/Code/PhasorRadio1/Core/Src/main.c:1044:13:MX_OCTOSPI2_Init	80	static
C:/ProjectsOnC/PhasorRadio/Code/PhasorRadio1/Core/Src/main.c:1128:13:MX_TIM1_Init	40	static
C:/ProjectsOnC/PhasorRadio/Code/PhasorRadio1/Core/Src/main.c:1177:13:MX_TIM23_Init	56	static
C:/ProjectsOnC/PhasorRadio/Code/PhasorRadio1/Core/Src/main.c:1226:13:MX_DMA_Init	16	static
C:/ProjectsOnC/PhasorRadio/Code/PhasorRadio1/Core/Src/main.c:1247:13:MX_GPIO_Init	64	static
C:/ProjectsOnC/PhasorRadio/Code/PhasorRadio1/Core/Src/main.c:1326:5:_write	32	static
C:/ProjectsOnC/PhasorRadio/Code/PhasorRadio1/Core/Src/main.c:1345:6:StartDefaultTask	16	static
C:/ProjectsOnC/PhasorRadio/Code/PhasorRadio1/Core/Src/main.c:1363:6:StartTaskToGui	16	static
C:/ProjectsOnC/PhasorRadio/Code/PhasorRadio1/Core/Src/main.c:1409:6:StartTaskFromGui	16	static
C:/ProjectsOnC/PhasorRadio/Code/PhasorRadio1/Core/Src/main.c:1486:6:StartTaskSI5351	16	static
C:/ProjectsOnC/PhasorRadio/Code/PhasorRadio1/Core/Src/main.c:1516:6:StartTaskFFT	40	static
C:/ProjectsOnC/PhasorRadio/Code/PhasorRadio1/Core/Src/main.c:1631:6:myTimerCallbackA	16	static
C:/ProjectsOnC/PhasorRadio/Code/PhasorRadio1/Core/Src/main.c:1642:6:myTimerCallbackB	16	static
C:/ProjectsOnC/PhasorRadio/Code/PhasorRadio1/Core/Src/main.c:1652:6:MPU_Config	24	static
C:/ProjectsOnC/PhasorRadio/Code/PhasorRadio1/Core/Src/main.c:1729:6:HAL_TIM_PeriodElapsedCallback	16	static
C:/ProjectsOnC/PhasorRadio/Code/PhasorRadio1/Core/Src/main.c:1750:6:Error_Handler	4	static
