C:/ProjectsOnC/PhasorRadio/Code/PhasorRadio1/Core/Src/stm32h7xx_it.c:82:6:NMI_Handler	4	static
C:/ProjectsOnC/PhasorRadio/Code/PhasorRadio1/Core/Src/stm32h7xx_it.c:95:6:HardFault_Handler	4	static
C:/ProjectsOnC/PhasorRadio/Code/PhasorRadio1/Core/Src/stm32h7xx_it.c:110:6:MemManage_Handler	4	static
C:/ProjectsOnC/PhasorRadio/Code/PhasorRadio1/Core/Src/stm32h7xx_it.c:125:6:BusFault_Handler	4	static
C:/ProjectsOnC/PhasorRadio/Code/PhasorRadio1/Core/Src/stm32h7xx_it.c:140:6:UsageFault_Handler	4	static
C:/ProjectsOnC/PhasorRadio/Code/PhasorRadio1/Core/Src/stm32h7xx_it.c:155:6:DebugMon_Handler	4	static
C:/ProjectsOnC/PhasorRadio/Code/PhasorRadio1/Core/Src/stm32h7xx_it.c:175:6:DMA1_Stream0_IRQHandler	8	static
C:/ProjectsOnC/PhasorRadio/Code/PhasorRadio1/Core/Src/stm32h7xx_it.c:189:6:DMA1_Stream1_IRQHandler	8	static
C:/ProjectsOnC/PhasorRadio/Code/PhasorRadio1/Core/Src/stm32h7xx_it.c:203:6:DMA1_Stream2_IRQHandler	8	static
C:/ProjectsOnC/PhasorRadio/Code/PhasorRadio1/Core/Src/stm32h7xx_it.c:217:6:DMA1_Stream3_IRQHandler	8	static
C:/ProjectsOnC/PhasorRadio/Code/PhasorRadio1/Core/Src/stm32h7xx_it.c:231:6:DMA1_Stream4_IRQHandler	8	static
C:/ProjectsOnC/PhasorRadio/Code/PhasorRadio1/Core/Src/stm32h7xx_it.c:245:6:ADC_IRQHandler	8	static
C:/ProjectsOnC/PhasorRadio/Code/PhasorRadio1/Core/Src/stm32h7xx_it.c:260:6:UART4_IRQHandler	8	static
C:/ProjectsOnC/PhasorRadio/Code/PhasorRadio1/Core/Src/stm32h7xx_it.c:274:6:TIM6_DAC_IRQHandler	8	static
C:/ProjectsOnC/PhasorRadio/Code/PhasorRadio1/Core/Src/stm32h7xx_it.c:291:6:LTDC_IRQHandler	8	static
C:/ProjectsOnC/PhasorRadio/Code/PhasorRadio1/Core/Src/stm32h7xx_it.c:305:6:TIM23_IRQHandler	8	static
