C:/Users/fabadmin/PhasorRadio/Code/PhasorRadio1/Core/Src/stm32h7xx_it.c:83:6:NMI_Handler	4	static
C:/Users/fabadmin/PhasorRadio/Code/PhasorRadio1/Core/Src/stm32h7xx_it.c:96:6:HardFault_Handler	4	static
C:/Users/fabadmin/PhasorRadio/Code/PhasorRadio1/Core/Src/stm32h7xx_it.c:111:6:MemManage_Handler	4	static
C:/Users/fabadmin/PhasorRadio/Code/PhasorRadio1/Core/Src/stm32h7xx_it.c:126:6:BusFault_Handler	4	static
C:/Users/fabadmin/PhasorRadio/Code/PhasorRadio1/Core/Src/stm32h7xx_it.c:141:6:UsageFault_Handler	4	static
C:/Users/fabadmin/PhasorRadio/Code/PhasorRadio1/Core/Src/stm32h7xx_it.c:156:6:DebugMon_Handler	4	static
C:/Users/fabadmin/PhasorRadio/Code/PhasorRadio1/Core/Src/stm32h7xx_it.c:176:6:DMA1_Stream0_IRQHandler	8	static
C:/Users/fabadmin/PhasorRadio/Code/PhasorRadio1/Core/Src/stm32h7xx_it.c:190:6:DMA1_Stream1_IRQHandler	8	static
C:/Users/fabadmin/PhasorRadio/Code/PhasorRadio1/Core/Src/stm32h7xx_it.c:204:6:DMA1_Stream2_IRQHandler	8	static
C:/Users/fabadmin/PhasorRadio/Code/PhasorRadio1/Core/Src/stm32h7xx_it.c:218:6:DMA1_Stream3_IRQHandler	8	static
C:/Users/fabadmin/PhasorRadio/Code/PhasorRadio1/Core/Src/stm32h7xx_it.c:232:6:DMA1_Stream4_IRQHandler	8	static
C:/Users/fabadmin/PhasorRadio/Code/PhasorRadio1/Core/Src/stm32h7xx_it.c:246:6:ADC_IRQHandler	8	static
C:/Users/fabadmin/PhasorRadio/Code/PhasorRadio1/Core/Src/stm32h7xx_it.c:261:6:UART4_IRQHandler	8	static
C:/Users/fabadmin/PhasorRadio/Code/PhasorRadio1/Core/Src/stm32h7xx_it.c:275:6:TIM6_DAC_IRQHandler	8	static
C:/Users/fabadmin/PhasorRadio/Code/PhasorRadio1/Core/Src/stm32h7xx_it.c:292:6:LTDC_IRQHandler	8	static
C:/Users/fabadmin/PhasorRadio/Code/PhasorRadio1/Core/Src/stm32h7xx_it.c:306:6:DMA2D_IRQHandler	8	static
C:/Users/fabadmin/PhasorRadio/Code/PhasorRadio1/Core/Src/stm32h7xx_it.c:320:6:TIM23_IRQHandler	8	static
