C:/ProjectsOnC/PhasorRadio/Code/PhasorRadio1/Core/Src/stm32h7xx_hal_msp.c:66:6:HAL_MspInit	16	static
C:/ProjectsOnC/PhasorRadio/Code/PhasorRadio1/Core/Src/stm32h7xx_hal_msp.c:104:6:HAL_ADC_MspInit	216	static
C:/ProjectsOnC/PhasorRadio/Code/PhasorRadio1/Core/Src/stm32h7xx_hal_msp.c:203:6:HAL_ADC_MspDeInit	16	static
C:/ProjectsOnC/PhasorRadio/Code/PhasorRadio1/Core/Src/stm32h7xx_hal_msp.c:265:6:HAL_CRC_MspInit	24	static
C:/ProjectsOnC/PhasorRadio/Code/PhasorRadio1/Core/Src/stm32h7xx_hal_msp.c:288:6:HAL_CRC_MspDeInit	16	static
C:/ProjectsOnC/PhasorRadio/Code/PhasorRadio1/Core/Src/stm32h7xx_hal_msp.c:310:6:HAL_DMA2D_MspInit	24	static
C:/ProjectsOnC/PhasorRadio/Code/PhasorRadio1/Core/Src/stm32h7xx_hal_msp.c:336:6:HAL_DMA2D_MspDeInit	16	static
C:/ProjectsOnC/PhasorRadio/Code/PhasorRadio1/Core/Src/stm32h7xx_hal_msp.c:361:6:HAL_I2C_MspInit	248	static
C:/ProjectsOnC/PhasorRadio/Code/PhasorRadio1/Core/Src/stm32h7xx_hal_msp.c:448:6:HAL_I2C_MspDeInit	16	static
C:/ProjectsOnC/PhasorRadio/Code/PhasorRadio1/Core/Src/stm32h7xx_hal_msp.c:499:6:HAL_LTDC_MspInit	256	static
C:/ProjectsOnC/PhasorRadio/Code/PhasorRadio1/Core/Src/stm32h7xx_hal_msp.c:675:6:HAL_LTDC_MspDeInit	16	static
C:/ProjectsOnC/PhasorRadio/Code/PhasorRadio1/Core/Src/stm32h7xx_hal_msp.c:748:6:HAL_OSPI_MspInit	80	static
C:/ProjectsOnC/PhasorRadio/Code/PhasorRadio1/Core/Src/stm32h7xx_hal_msp.c:896:6:HAL_OSPI_MspDeInit	16	static
C:/ProjectsOnC/PhasorRadio/Code/PhasorRadio1/Core/Src/stm32h7xx_hal_msp.c:982:6:HAL_TIM_Base_MspInit	24	static
C:/ProjectsOnC/PhasorRadio/Code/PhasorRadio1/Core/Src/stm32h7xx_hal_msp.c:1005:6:HAL_TIM_Encoder_MspInit	48	static
C:/ProjectsOnC/PhasorRadio/Code/PhasorRadio1/Core/Src/stm32h7xx_hal_msp.c:1053:6:HAL_TIM_Base_MspDeInit	16	static
C:/ProjectsOnC/PhasorRadio/Code/PhasorRadio1/Core/Src/stm32h7xx_hal_msp.c:1075:6:HAL_TIM_Encoder_MspDeInit	16	static
