C:/ProjectsOnC/PhasorRadio/Code/PhasorRadio1/Core/Src/stm32h7xx_hal_msp.c:73:6:HAL_MspInit	16	static
C:/ProjectsOnC/PhasorRadio/Code/PhasorRadio1/Core/Src/stm32h7xx_hal_msp.c:115:6:HAL_ADC_MspInit	224	static
C:/ProjectsOnC/PhasorRadio/Code/PhasorRadio1/Core/Src/stm32h7xx_hal_msp.c:261:6:HAL_ADC_MspDeInit	16	static
C:/ProjectsOnC/PhasorRadio/Code/PhasorRadio1/Core/Src/stm32h7xx_hal_msp.c:337:6:HAL_CRC_MspInit	24	static
C:/ProjectsOnC/PhasorRadio/Code/PhasorRadio1/Core/Src/stm32h7xx_hal_msp.c:360:6:HAL_CRC_MspDeInit	16	static
C:/ProjectsOnC/PhasorRadio/Code/PhasorRadio1/Core/Src/stm32h7xx_hal_msp.c:382:6:HAL_DAC_MspInit	48	static
C:/ProjectsOnC/PhasorRadio/Code/PhasorRadio1/Core/Src/stm32h7xx_hal_msp.c:456:6:HAL_DAC_MspDeInit	16	static
C:/ProjectsOnC/PhasorRadio/Code/PhasorRadio1/Core/Src/stm32h7xx_hal_msp.c:490:6:HAL_DMA2D_MspInit	24	static
C:/ProjectsOnC/PhasorRadio/Code/PhasorRadio1/Core/Src/stm32h7xx_hal_msp.c:513:6:HAL_DMA2D_MspDeInit	16	static
C:/ProjectsOnC/PhasorRadio/Code/PhasorRadio1/Core/Src/stm32h7xx_hal_msp.c:535:6:HAL_I2C_MspInit	248	static
C:/ProjectsOnC/PhasorRadio/Code/PhasorRadio1/Core/Src/stm32h7xx_hal_msp.c:622:6:HAL_I2C_MspDeInit	16	static
C:/ProjectsOnC/PhasorRadio/Code/PhasorRadio1/Core/Src/stm32h7xx_hal_msp.c:673:6:HAL_LTDC_MspInit	256	static
C:/ProjectsOnC/PhasorRadio/Code/PhasorRadio1/Core/Src/stm32h7xx_hal_msp.c:849:6:HAL_LTDC_MspDeInit	16	static
C:/ProjectsOnC/PhasorRadio/Code/PhasorRadio1/Core/Src/stm32h7xx_hal_msp.c:922:6:HAL_OSPI_MspInit	80	static
C:/ProjectsOnC/PhasorRadio/Code/PhasorRadio1/Core/Src/stm32h7xx_hal_msp.c:1070:6:HAL_OSPI_MspDeInit	16	static
C:/ProjectsOnC/PhasorRadio/Code/PhasorRadio1/Core/Src/stm32h7xx_hal_msp.c:1156:6:HAL_OPAMP_MspInit	48	static
C:/ProjectsOnC/PhasorRadio/Code/PhasorRadio1/Core/Src/stm32h7xx_hal_msp.c:1190:6:HAL_OPAMP_MspDeInit	16	static
C:/ProjectsOnC/PhasorRadio/Code/PhasorRadio1/Core/Src/stm32h7xx_hal_msp.c:1218:6:HAL_TIM_Base_MspInit	24	static
C:/ProjectsOnC/PhasorRadio/Code/PhasorRadio1/Core/Src/stm32h7xx_hal_msp.c:1251:6:HAL_TIM_Encoder_MspInit	48	static
C:/ProjectsOnC/PhasorRadio/Code/PhasorRadio1/Core/Src/stm32h7xx_hal_msp.c:1299:6:HAL_TIM_Base_MspDeInit	16	static
C:/ProjectsOnC/PhasorRadio/Code/PhasorRadio1/Core/Src/stm32h7xx_hal_msp.c:1332:6:HAL_TIM_Encoder_MspDeInit	16	static
C:/ProjectsOnC/PhasorRadio/Code/PhasorRadio1/Core/Src/stm32h7xx_hal_msp.c:1365:6:HAL_UART_MspInit	240	static
C:/ProjectsOnC/PhasorRadio/Code/PhasorRadio1/Core/Src/stm32h7xx_hal_msp.c:1443:6:HAL_UART_MspDeInit	16	static
