../../Middlewares/ST/touchgfx/framework/include/touchgfx/hal/Types.hpp:127:5:touchgfx::Rect::Rect()	16	static
../../Middlewares/ST/touchgfx/framework/include/touchgfx/Bitmap.hpp:132:5:touchgfx::Bitmap::Bitmap(touchgfx::BitmapId)	16	static
../../Middlewares/ST/touchgfx/framework/include/touchgfx/Drawable.hpp:48:5:touchgfx::Drawable::Drawable()	16	static
../../Middlewares/ST/touchgfx/framework/include/touchgfx/Drawable.hpp:62:13:touchgfx::Drawable::~Drawable()	16	static
../../Middlewares/ST/touchgfx/framework/include/touchgfx/Drawable.hpp:62:13:virtual touchgfx::Drawable::~Drawable()	16	static
../../Middlewares/ST/touchgfx/framework/include/touchgfx/Drawable.hpp:121:18:virtual void touchgfx::Drawable::invalidateContent() const	16	static
../../Middlewares/ST/touchgfx/framework/include/touchgfx/Drawable.hpp:147:23:virtual touchgfx::Drawable* touchgfx::Drawable::getFirstChild()	16	static
../../Middlewares/ST/touchgfx/framework/include/touchgfx/Drawable.hpp:233:10:void touchgfx::Drawable::setPosition(int16_t, int16_t, int16_t, int16_t)	24	static
../../Middlewares/ST/touchgfx/framework/include/touchgfx/Drawable.hpp:315:18:virtual void touchgfx::Drawable::setX(int16_t)	16	static
../../Middlewares/ST/touchgfx/framework/include/touchgfx/Drawable.hpp:327:18:virtual void touchgfx::Drawable::setY(int16_t)	16	static
../../Middlewares/ST/touchgfx/framework/include/touchgfx/Drawable.hpp:343:10:void touchgfx::Drawable::setXY(int16_t, int16_t)	16	static
../../Middlewares/ST/touchgfx/framework/include/touchgfx/Drawable.hpp:356:18:virtual void touchgfx::Drawable::setWidth(int16_t)	16	static
../../Middlewares/ST/touchgfx/framework/include/touchgfx/Drawable.hpp:368:18:virtual void touchgfx::Drawable::setHeight(int16_t)	16	static
../../Middlewares/ST/touchgfx/framework/include/touchgfx/Drawable.hpp:378:18:virtual void touchgfx::Drawable::childGeometryChanged()	16	static
../../Middlewares/ST/touchgfx/framework/include/touchgfx/Drawable.hpp:389:18:virtual void touchgfx::Drawable::handleClickEvent(const touchgfx::ClickEvent&)	16	static
../../Middlewares/ST/touchgfx/framework/include/touchgfx/Drawable.hpp:401:18:virtual void touchgfx::Drawable::handleGestureEvent(const touchgfx::GestureEvent&)	16	static
../../Middlewares/ST/touchgfx/framework/include/touchgfx/Drawable.hpp:413:10:void touchgfx::Drawable::setWidthHeight(int16_t, int16_t)	16	static
../../Middlewares/ST/touchgfx/framework/include/touchgfx/Drawable.hpp:490:18:virtual void touchgfx::Drawable::handleDragEvent(const touchgfx::DragEvent&)	16	static
../../Middlewares/ST/touchgfx/framework/include/touchgfx/Drawable.hpp:501:18:virtual void touchgfx::Drawable::handleTickEvent()	16	static
../../Middlewares/ST/touchgfx/framework/include/touchgfx/Drawable.hpp:525:10:void touchgfx::Drawable::setTouchable(bool)	16	static
../../Middlewares/ST/touchgfx/framework/include/touchgfx/Drawable.hpp:537:10:bool touchgfx::Drawable::isVisible() const	16	static
../../Middlewares/ST/touchgfx/framework/include/touchgfx/Drawable.hpp:549:10:bool touchgfx::Drawable::isTouchable() const	16	static
../../Middlewares/ST/touchgfx/framework/include/touchgfx/Drawable.hpp:588:18:virtual void touchgfx::Drawable::moveTo(int16_t, int16_t)	16	static
../../Middlewares/ST/touchgfx/framework/include/touchgfx/Drawable.hpp:625:10:void touchgfx::Drawable::resetDrawChainCache()	16	static
../../Middlewares/ST/touchgfx/framework/include/touchgfx/Drawable.hpp:703:18:virtual void touchgfx::Drawable::setupDrawChain(const touchgfx::Rect&, touchgfx::Drawable**)	24	static
../../Middlewares/ST/touchgfx/framework/include/touchgfx/Unicode.hpp:404:25:static touchgfx::Unicode::UnicodeChar* touchgfx::Unicode::snprintfFloat(UnicodeChar*, uint16_t, const char*, float)	24	static
../../Middlewares/ST/touchgfx/framework/include/touchgfx/widgets/Widget.hpp:45:18:virtual void touchgfx::Widget::getLastChild(int16_t, int16_t, touchgfx::Drawable**)	24	static
../../Middlewares/ST/touchgfx/framework/include/touchgfx/Screen.hpp:104:18:virtual void touchgfx::Screen::afterTransition()	16	static
../../Middlewares/ST/touchgfx/framework/include/touchgfx/Screen.hpp:115:18:virtual void touchgfx::Screen::tearDownScreen()	16	static
../../Middlewares/ST/touchgfx/framework/include/touchgfx/Screen.hpp:144:18:virtual void touchgfx::Screen::handleTickEvent()	16	static
../../Middlewares/ST/touchgfx/framework/include/touchgfx/Screen.hpp:154:18:virtual void touchgfx::Screen::handleKeyEvent(uint8_t)	16	static
../../Middlewares/ST/touchgfx/framework/include/touchgfx/Screen.hpp:223:10:void touchgfx::Screen::add(touchgfx::Drawable&)	16	static
../../Middlewares/ST/touchgfx/framework/include/touchgfx/widgets/Widget.hpp:36:7:touchgfx::Widget::Widget()	16	static
../../Middlewares/ST/touchgfx/framework/include/touchgfx/widgets/Widget.hpp:36:7:touchgfx::Widget::~Widget()	16	static
../../Middlewares/ST/touchgfx/framework/include/touchgfx/widgets/Widget.hpp:36:7:virtual touchgfx::Widget::~Widget()	16	static
../../TouchGFX/gui/include/gui/screen1_screen/Screen1View.hpp:13:13:Screen1View::~Screen1View()	16	static
../../TouchGFX/gui/include/gui/screen1_screen/Screen1View.hpp:13:13:virtual Screen1View::~Screen1View()	16	static
../../Middlewares/ST/touchgfx/framework/include/touchgfx/widgets/PixelDataWidget.hpp:38:5:touchgfx::PixelDataWidget::PixelDataWidget()	16	static
../../Middlewares/ST/touchgfx/framework/include/touchgfx/widgets/PixelDataWidget.hpp:58:10:void touchgfx::PixelDataWidget::setPixelData(uint8_t*)	16	static
../../Middlewares/ST/touchgfx/framework/include/touchgfx/widgets/PixelDataWidget.hpp:83:10:void touchgfx::PixelDataWidget::setBitmapFormat(touchgfx::Bitmap::BitmapFormat)	16	static
../../Middlewares/ST/touchgfx/framework/include/touchgfx/widgets/PixelDataWidget.hpp:103:10:void touchgfx::PixelDataWidget::setAlpha(uint8_t)	16	static
C:/ProjectsOnC/PhasorRadio/Code/PhasorRadio1/TouchGFX/gui/src/screen1_screen/Screen1View.cpp:22:1:Screen1View::Screen1View()	16	static
C:/ProjectsOnC/PhasorRadio/Code/PhasorRadio1/TouchGFX/gui/src/screen1_screen/Screen1View.cpp:27:6:virtual void Screen1View::setupScreen()	24	static
C:/ProjectsOnC/PhasorRadio/Code/PhasorRadio1/TouchGFX/gui/src/screen1_screen/Screen1View.cpp:40:6:virtual void Screen1View::tearDownScreen()	16	static
C:/ProjectsOnC/PhasorRadio/Code/PhasorRadio1/TouchGFX/gui/src/screen1_screen/Screen1View.cpp:45:6:virtual void Screen1View::toggleRXTX()	40	static
C:/ProjectsOnC/PhasorRadio/Code/PhasorRadio1/TouchGFX/gui/src/screen1_screen/Screen1View.cpp:61:6:virtual void Screen1View::toggleLSBUSB()	40	static
C:/ProjectsOnC/PhasorRadio/Code/PhasorRadio1/TouchGFX/gui/src/screen1_screen/Screen1View.cpp:77:6:virtual void Screen1View::selectBand()	72	static
C:/ProjectsOnC/PhasorRadio/Code/PhasorRadio1/TouchGFX/gui/src/screen1_screen/Screen1View.cpp:106:6:virtual void Screen1View::setSmeter(int)	16	static
C:/ProjectsOnC/PhasorRadio/Code/PhasorRadio1/TouchGFX/gui/src/screen1_screen/Screen1View.cpp:155:6:virtual void Screen1View::setVFO(float)	16	static
C:/ProjectsOnC/PhasorRadio/Code/PhasorRadio1/TouchGFX/gui/src/screen1_screen/Screen1View.cpp:168:6:virtual void Screen1View::setGraph(QueueElement)	48	static
C:/ProjectsOnC/PhasorRadio/Code/PhasorRadio1/TouchGFX/gui/src/screen1_screen/Screen1View.cpp:223:6:virtual void Screen1View::setWFBWup()	16	static
C:/ProjectsOnC/PhasorRadio/Code/PhasorRadio1/TouchGFX/gui/src/screen1_screen/Screen1View.cpp:232:6:virtual void Screen1View::setWFBWdown()	16	static
C:/ProjectsOnC/PhasorRadio/Code/PhasorRadio1/TouchGFX/gui/src/screen1_screen/Screen1View.cpp:241:6:virtual void Screen1View::changeStepSize()	16	static
../../Middlewares/ST/touchgfx/framework/include/touchgfx/widgets/PixelDataWidget.hpp:35:7:touchgfx::PixelDataWidget::~PixelDataWidget()	16	static
../../Middlewares/ST/touchgfx/framework/include/touchgfx/widgets/PixelDataWidget.hpp:35:7:virtual touchgfx::PixelDataWidget::~PixelDataWidget()	16	static
C:/ProjectsOnC/PhasorRadio/Code/PhasorRadio1/TouchGFX/gui/src/screen1_screen/Screen1View.cpp:262:1:void __static_initialization_and_destruction_0(int, int)	16	static
C:/ProjectsOnC/PhasorRadio/Code/PhasorRadio1/TouchGFX/gui/src/screen1_screen/Screen1View.cpp:262:1:cpp)	8	static
C:/ProjectsOnC/PhasorRadio/Code/PhasorRadio1/TouchGFX/gui/src/screen1_screen/Screen1View.cpp:262:1:cpp)	8	static
